Archive member included to satisfy reference by file (symbol)

c:/MaximSDK/Libraries/PeriphDrivers/bin/MAX78000/softfp/libPeriphDriver_softfp.a(mxc_delay.o)
                              c:/MaximSDK/Examples/MAX78000/CameraIF/build/main.o (MXC_Delay)
c:/MaximSDK/Libraries/PeriphDrivers/bin/MAX78000/softfp/libPeriphDriver_softfp.a(pins_ai85.o)
                              c:/MaximSDK/Examples/MAX78000/CameraIF/build/camera.o (gpio_cfg_pcif_xclk)
c:/MaximSDK/Libraries/PeriphDrivers/bin/MAX78000/softfp/libPeriphDriver_softfp.a(sys_ai85.o)
                              c:/MaximSDK/Examples/MAX78000/CameraIF/build/board.o (MXC_SYS_ClockEnable)
c:/MaximSDK/Libraries/PeriphDrivers/bin/MAX78000/softfp/libPeriphDriver_softfp.a(nvic_table.o)
                              c:/MaximSDK/Examples/MAX78000/CameraIF/build/camera.o (NVIC_SetVector)
c:/MaximSDK/Libraries/PeriphDrivers/bin/MAX78000/softfp/libPeriphDriver_softfp.a(aes_me17.o)
                              c:/MaximSDK/Libraries/PeriphDrivers/bin/MAX78000/softfp/libPeriphDriver_softfp.a(sys_ai85.o) (MXC_AES_Init)
c:/MaximSDK/Libraries/PeriphDrivers/bin/MAX78000/softfp/libPeriphDriver_softfp.a(aes_revb.o)
                              c:/MaximSDK/Libraries/PeriphDrivers/bin/MAX78000/softfp/libPeriphDriver_softfp.a(aes_me17.o) (MXC_AES_RevB_IsBusy)
c:/MaximSDK/Libraries/PeriphDrivers/bin/MAX78000/softfp/libPeriphDriver_softfp.a(cameraif_ai85.o)
                              c:/MaximSDK/Examples/MAX78000/CameraIF/build/camera.o (MXC_PCIF_Init)
c:/MaximSDK/Libraries/PeriphDrivers/bin/MAX78000/softfp/libPeriphDriver_softfp.a(cameraif_reva.o)
                              c:/MaximSDK/Libraries/PeriphDrivers/bin/MAX78000/softfp/libPeriphDriver_softfp.a(cameraif_ai85.o) (MXC_PCIF_RevA_SetDatawidth)
c:/MaximSDK/Libraries/PeriphDrivers/bin/MAX78000/softfp/libPeriphDriver_softfp.a(dma_me17.o)
                              c:/MaximSDK/Examples/MAX78000/CameraIF/build/main.o (MXC_DMA_Init)
c:/MaximSDK/Libraries/PeriphDrivers/bin/MAX78000/softfp/libPeriphDriver_softfp.a(dma_reva.o)
                              c:/MaximSDK/Libraries/PeriphDrivers/bin/MAX78000/softfp/libPeriphDriver_softfp.a(dma_me17.o) (MXC_DMA_RevA_Init)
c:/MaximSDK/Libraries/PeriphDrivers/bin/MAX78000/softfp/libPeriphDriver_softfp.a(flc_me17.o)
                              c:/MaximSDK/Libraries/PeriphDrivers/bin/MAX78000/softfp/libPeriphDriver_softfp.a(sys_ai85.o) (MXC_FLC_UnlockInfoBlock)
c:/MaximSDK/Libraries/PeriphDrivers/bin/MAX78000/softfp/libPeriphDriver_softfp.a(flc_revb.o)
                              c:/MaximSDK/Libraries/PeriphDrivers/bin/MAX78000/softfp/libPeriphDriver_softfp.a(flc_me17.o) (MXC_FLC_RevB_Busy)
c:/MaximSDK/Libraries/PeriphDrivers/bin/MAX78000/softfp/libPeriphDriver_softfp.a(gpio_ai85.o)
                              c:/MaximSDK/Examples/MAX78000/CameraIF/build/pb.o (MXC_GPIO_InGet)
c:/MaximSDK/Libraries/PeriphDrivers/bin/MAX78000/softfp/libPeriphDriver_softfp.a(gpio_reva.o)
                              c:/MaximSDK/Libraries/PeriphDrivers/bin/MAX78000/softfp/libPeriphDriver_softfp.a(gpio_ai85.o) (MXC_GPIO_RevA_InGet)
c:/MaximSDK/Libraries/PeriphDrivers/bin/MAX78000/softfp/libPeriphDriver_softfp.a(icc_me17.o)
                              c:/MaximSDK/Examples/MAX78000/CameraIF/build/main.o (MXC_ICC_Enable)
c:/MaximSDK/Libraries/PeriphDrivers/bin/MAX78000/softfp/libPeriphDriver_softfp.a(icc_reva.o)
                              c:/MaximSDK/Libraries/PeriphDrivers/bin/MAX78000/softfp/libPeriphDriver_softfp.a(icc_me17.o) (MXC_ICC_RevA_ID)
c:/MaximSDK/Libraries/PeriphDrivers/bin/MAX78000/softfp/libPeriphDriver_softfp.a(pt_me17.o)
                              c:/MaximSDK/Examples/MAX78000/CameraIF/build/camera.o (MXC_PT_Init)
c:/MaximSDK/Libraries/PeriphDrivers/bin/MAX78000/softfp/libPeriphDriver_softfp.a(pt_reva.o)
                              c:/MaximSDK/Libraries/PeriphDrivers/bin/MAX78000/softfp/libPeriphDriver_softfp.a(pt_me17.o) (MXC_PT_RevA_Init)
c:/MaximSDK/Libraries/PeriphDrivers/bin/MAX78000/softfp/libPeriphDriver_softfp.a(rtc_me17.o)
                              c:/MaximSDK/Examples/MAX78000/CameraIF/build/utils.o (MXC_RTC_GetSubSecond)
c:/MaximSDK/Libraries/PeriphDrivers/bin/MAX78000/softfp/libPeriphDriver_softfp.a(rtc_reva.o)
                              c:/MaximSDK/Libraries/PeriphDrivers/bin/MAX78000/softfp/libPeriphDriver_softfp.a(rtc_me17.o) (MXC_RTC_RevA_EnableInt)
c:/MaximSDK/Libraries/PeriphDrivers/bin/MAX78000/softfp/libPeriphDriver_softfp.a(spi_me17.o)
                              c:/MaximSDK/Examples/MAX78000/CameraIF/build/tft.o (MXC_SPI_Init)
c:/MaximSDK/Libraries/PeriphDrivers/bin/MAX78000/softfp/libPeriphDriver_softfp.a(spi_reva.o)
                              c:/MaximSDK/Libraries/PeriphDrivers/bin/MAX78000/softfp/libPeriphDriver_softfp.a(spi_me17.o) (MXC_SPI_RevA_Init)
c:/MaximSDK/Libraries/PeriphDrivers/bin/MAX78000/softfp/libPeriphDriver_softfp.a(trng_revb.o)
[...]
Memory Configuration

Name             Origin             Length             Attributes
ROM              0x00000000         0x00010000         xr
FLASH            0x10000000         0x00080000         xr
SRAM             0x20000000         0x00020000         xrw
*default*        0x00000000         0xffffffff

Linker script and memory map

LOAD c:/maximsdk/tools/gnutools/bin/../lib/gcc/arm-none-eabi/9.2.1/thumb/v7e-m+fp/softfp/crti.o
LOAD c:/maximsdk/tools/gnutools/bin/../lib/gcc/arm-none-eabi/9.2.1/thumb/v7e-m+fp/softfp/crtbegin.o
LOAD c:/maximsdk/tools/gnutools/bin/../lib/gcc/arm-none-eabi/9.2.1/../../../../arm-none-eabi/lib/thumb/v7e-m+fp/softfp/crt0.o
LOAD c:/MaximSDK/Examples/MAX78000/CameraIF/build/main.o
LOAD c:/MaximSDK/Examples/MAX78000/CameraIF/build/utils.o
LOAD c:/MaximSDK/Examples/MAX78000/CameraIF/build/board.o
LOAD c:/MaximSDK/Examples/MAX78000/CameraIF/build/stdio.o
LOAD c:/MaximSDK/Examples/MAX78000/CameraIF/build/led.o
LOAD c:/MaximSDK/Examples/MAX78000/CameraIF/build/pb.o
LOAD c:/MaximSDK/Examples/MAX78000/CameraIF/build/tft.o
LOAD c:/MaximSDK/Examples/MAX78000/CameraIF/build/touchscreen.o
LOAD c:/MaximSDK/Examples/MAX78000/CameraIF/build/camera.o
LOAD c:/MaximSDK/Examples/MAX78000/CameraIF/build/ov7692.o
LOAD c:/MaximSDK/Examples/MAX78000/CameraIF/build/sccb.o
LOAD c:/MaximSDK/Examples/MAX78000/CameraIF/build/startup_max78000.o
LOAD c:/MaximSDK/Examples/MAX78000/CameraIF/build/heap.o
LOAD c:/MaximSDK/Examples/MAX78000/CameraIF/build/system_max78000.o
START GROUP
LOAD c:/MaximSDK/Libraries/PeriphDrivers/bin/MAX78000/softfp/libPeriphDriver_softfp.a
LOAD c:/maximsdk/tools/gnutools/bin/../lib/gcc/arm-none-eabi/9.2.1/../../../../arm-none-eabi/lib/thumb/v7e-m+fp/softfp\libc.a
LOAD c:/maximsdk/tools/gnutools/bin/../lib/gcc/arm-none-eabi/9.2.1/../../../../arm-none-eabi/lib/thumb/v7e-m+fp/softfp\libm.a
LOAD c:/maximsdk/tools/gnutools/bin/../lib/gcc/arm-none-eabi/9.2.1/../../../../arm-none-eabi/lib/thumb/v7e-m+fp/softfp\libnosys.a
END GROUP
START GROUP
LOAD c:/maximsdk/tools/gnutools/bin/../lib/gcc/arm-none-eabi/9.2.1/thumb/v7e-m+fp/softfp\libgcc.a
LOAD c:/maximsdk/tools/gnutools/bin/../lib/gcc/arm-none-eabi/9.2.1/../../../../arm-none-eabi/lib/thumb/v7e-m+fp/softfp\libc.a
END GROUP
LOAD c:/maximsdk/tools/gnutools/bin/../lib/gcc/arm-none-eabi/9.2.1/thumb/v7e-m+fp/softfp/crtend.o
LOAD c:/maximsdk/tools/gnutools/bin/../lib/gcc/arm-none-eabi/9.2.1/thumb/v7e-m+fp/softfp/crtn.o

.rom
 *(.rom_vector)
 *(.rom_handlers*)

.text           0x10000000     0xb2bc
                0x10000000                _text = .
 *(.isr_vector)
 .isr_vector    0x10000000      0x1e0 c:/MaximSDK/Examples/MAX78000/CameraIF/build/startup_max78000.o
                0x10000000                __isr_vector
 *(.text*)
 .text          0x100001e0       0x40 c:/maximsdk/tools/gnutools/bin/../lib/gcc/arm-none-eabi/9.2.1/thumb/v7e-m+fp/softfp/crtbegin.o
 .text.process_img
                0x10000220       0x74 c:/MaximSDK/Examples/MAX78000/CameraIF/build/main.o
                0x10000220                process_img
 .text.startup.main
                0x10000294       0xdc c:/MaximSDK/Examples/MAX78000/CameraIF/build/main.o
                0x10000294                main
 .text.utils_send_byte
                0x10000370       0x2c c:/MaximSDK/Examples/MAX78000/CameraIF/build/utils.o
 .text.utils_send_bytes
                0x1000039c       0x3c c:/MaximSDK/Examples/MAX78000/CameraIF/build/utils.o
 .text.utils_stream_img_to_pc_init
                0x100003d8       0xb8 c:/MaximSDK/Examples/MAX78000/CameraIF/build/utils.o
                0x100003d8                utils_stream_img_to_pc_init
 .text.utils_stream_image_row_to_pc
                0x10000490       0x24 c:/MaximSDK/Examples/MAX78000/CameraIF/build/utils.o
                0x10000490                utils_stream_image_row_to_pc
 .text.mxc_assert
                0x100004b4       0x10 c:/MaximSDK/Examples/MAX78000/CameraIF/build/board.o
                0x100004b4                mxc_assert
 .text.Board_Init
                0x100004c4       0x70 c:/MaximSDK/Examples/MAX78000/CameraIF/build/board.o
                0x100004c4                Board_Init
 .text.NMI_Handler
                0x10000534        0x4 c:/MaximSDK/Examples/MAX78000/CameraIF/build/board.o
                0x10000534                NMI_Handler
 .text.Camera_Power
                0x10000538        0x8 c:/MaximSDK/Examples/MAX78000/CameraIF/build/board.o
                0x10000538                Camera_Power
 .text._close   0x10000540        0x8 c:/MaximSDK/Examples/MAX78000/CameraIF/build/stdio.o
                0x10000540                _close
 .text._isatty  0x10000548        0x8 c:/MaximSDK/Examples/MAX78000/CameraIF/build/stdio.o
                0x10000548                _isatty
 .text._lseek   0x10000550        0x8 c:/MaximSDK/Examples/MAX78000/CameraIF/build/stdio.o
                0x10000550                _lseek
 .text._fstat   0x10000558        0x8 c:/MaximSDK/Examples/MAX78000/CameraIF/build/stdio.o
                0x10000558                _fstat
 .text._read    0x10000560       0x50 c:/MaximSDK/Examples/MAX78000/CameraIF/build/stdio.o
                0x10000560                _read
 .text._write   0x100005b0       0x4c c:/MaximSDK/Examples/MAX78000/CameraIF/build/stdio.o
                0x100005b0                _write
 .text.LED_On   0x100005fc       0x40 c:/MaximSDK/Examples/MAX78000/CameraIF/build/led.o
                0x100005fc                LED_On
 .text.LED_Off  0x1000063c       0x40 c:/MaximSDK/Examples/MAX78000/CameraIF/build/led.o
                0x1000063c                LED_Off
 .text.LED_Init
                0x1000067c       0x40 c:/MaximSDK/Examples/MAX78000/CameraIF/build/led.o
                0x1000067c                LED_Init
 .text.LED_Toggle
                0x100006bc       0x40 c:/MaximSDK/Examples/MAX78000/CameraIF/build/led.o
                0x100006bc                LED_Toggle
 .text.PB_Init  0x100006fc       0x34 c:/MaximSDK/Examples/MAX78000/CameraIF/build/pb.o
                0x100006fc                PB_Init
 .text.GPIO0_IRQHandler
                0x10000730        0x8 c:/MaximSDK/Examples/MAX78000/CameraIF/build/pb.o
                0x10000730                GPIO0_IRQHandler
 .text.GPIO1_IRQHandler
                0x10000738        0x8 c:/MaximSDK/Examples/MAX78000/CameraIF/build/pb.o
                0x10000738                GPIO1_IRQHandler
 .text.GPIO2_IRQHandler
                0x10000740        0x8 c:/MaximSDK/Examples/MAX78000/CameraIF/build/pb.o
                0x10000740                GPIO2_IRQHandler
 .text.camera_irq_handler
                0x10000748      0x13c c:/MaximSDK/Examples/MAX78000/CameraIF/build/camera.o
                0x10000748                camera_irq_handler
 .text.stream_callback
                0x10000884       0xbc c:/MaximSDK/Examples/MAX78000/CameraIF/build/camera.o
 .text.setup_dma
                0x10000940       0x84 c:/MaximSDK/Examples/MAX78000/CameraIF/build/camera.o
 .text.stream_irq_handler
                0x100009c4        0x4 c:/MaximSDK/Examples/MAX78000/CameraIF/build/camera.o
                0x100009c4                stream_irq_handler
 .text.camera_init
                0x100009c8      0x148 c:/MaximSDK/Examples/MAX78000/CameraIF/build/camera.o
                0x100009c8                camera_init
 .text.camera_setup
                0x10000b10      0x1b8 c:/MaximSDK/Examples/MAX78000/CameraIF/build/camera.o
                0x10000b10                camera_setup
 .text.camera_write_reg
                0x10000cc8        0xc c:/MaximSDK/Examples/MAX78000/CameraIF/build/camera.o
                0x10000cc8                camera_write_reg
 .text.camera_get_slave_address
                0x10000cd4        0xc c:/MaximSDK/Examples/MAX78000/CameraIF/build/camera.o
                0x10000cd4                camera_get_slave_address
 .text.camera_get_manufacture_id
                0x10000ce0        0xc c:/MaximSDK/Examples/MAX78000/CameraIF/build/camera.o
                0x10000ce0                camera_get_manufacture_id
 .text.camera_start_capture_image
                0x10000cec       0x3c c:/MaximSDK/Examples/MAX78000/CameraIF/build/camera.o
                0x10000cec                camera_start_capture_image
 .text.camera_is_image_rcv
                0x10000d28       0x10 c:/MaximSDK/Examples/MAX78000/CameraIF/build/camera.o
                0x10000d28                camera_is_image_rcv
 .text.camera_get_pixel_format
                0x10000d38       0x70 c:/MaximSDK/Examples/MAX78000/CameraIF/build/camera.o
                0x10000d38                camera_get_pixel_format
 .text.camera_get_image
                0x10000da8       0xac c:/MaximSDK/Examples/MAX78000/CameraIF/build/camera.o
                0x10000da8                camera_get_image
 .text.get_camera_stream_buffer
                0x10000e54        0xc c:/MaximSDK/Examples/MAX78000/CameraIF/build/camera.o
                0x10000e54                get_camera_stream_buffer
 .text.release_camera_stream_buffer
                0x10000e60        0xc c:/MaximSDK/Examples/MAX78000/CameraIF/build/camera.o
                0x10000e60                release_camera_stream_buffer
 .text.get_camera_stream_statistic
                0x10000e6c        0x8 c:/MaximSDK/Examples/MAX78000/CameraIF/build/camera.o
                0x10000e6c                get_camera_stream_statistic
 .text.get_slave_address
                0x10000e74        0xc c:/MaximSDK/Examples/MAX78000/CameraIF/build/ov7692.o
 .text.get_pixformat
                0x10000e80       0x10 c:/MaximSDK/Examples/MAX78000/CameraIF/build/ov7692.o
 .text.set_contrast
                0x10000e90        0x4 c:/MaximSDK/Examples/MAX78000/CameraIF/build/ov7692.o
 .text.set_gainceiling
                0x10000e94        0x4 c:/MaximSDK/Examples/MAX78000/CameraIF/build/ov7692.o
 .text.get_luminance
                0x10000e98       0x60 c:/MaximSDK/Examples/MAX78000/CameraIF/build/ov7692.o
 .text.read_reg
                0x10000ef8       0x20 c:/MaximSDK/Examples/MAX78000/CameraIF/build/ov7692.o
 .text.get_manufacture_id
                0x10000f18       0x3c c:/MaximSDK/Examples/MAX78000/CameraIF/build/ov7692.o
 .text.get_product_id
                0x10000f54       0x3c c:/MaximSDK/Examples/MAX78000/CameraIF/build/ov7692.o
 .text.set_vflip
                0x10000f90       0x3c c:/MaximSDK/Examples/MAX78000/CameraIF/build/ov7692.o
 .text.set_hmirror
                0x10000fcc       0x3c c:/MaximSDK/Examples/MAX78000/CameraIF/build/ov7692.o
 .text.set_windowing
                0x10001008      0x150 c:/MaximSDK/Examples/MAX78000/CameraIF/build/ov7692.o
 .text.set_framesize
                0x10001158       0xc0 c:/MaximSDK/Examples/MAX78000/CameraIF/build/ov7692.o
 .text.write_reg
                0x10001218       0x10 c:/MaximSDK/Examples/MAX78000/CameraIF/build/ov7692.o
 .text.sleep    0x10001228       0x3c c:/MaximSDK/Examples/MAX78000/CameraIF/build/ov7692.o
 .text.reset    0x10001264       0x64 c:/MaximSDK/Examples/MAX78000/CameraIF/build/ov7692.o
 .text.dump_registers
                0x100012c8       0xa4 c:/MaximSDK/Examples/MAX78000/CameraIF/build/ov7692.o
 .text.init     0x1000136c       0x1c c:/MaximSDK/Examples/MAX78000/CameraIF/build/ov7692.o
 .text.set_negateimage
                0x10001388       0x98 c:/MaximSDK/Examples/MAX78000/CameraIF/build/ov7692.o
 .text.set_pixformat
                0x10001420       0x54 c:/MaximSDK/Examples/MAX78000/CameraIF/build/ov7692.o
 .text.set_saturation
                0x10001474        0x4 c:/MaximSDK/Examples/MAX78000/CameraIF/build/ov7692.o
 .text.set_colorbar
                0x10001478        0x4 c:/MaximSDK/Examples/MAX78000/CameraIF/build/ov7692.o
 .text.set_brightness
                0x1000147c        0x4 c:/MaximSDK/Examples/MAX78000/CameraIF/build/ov7692.o
 .text.sensor_register
                0x10001480       0xb8 c:/MaximSDK/Examples/MAX78000/CameraIF/build/ov7692.o
                0x10001480                sensor_register
 .text.start    0x10001538       0x34 c:/MaximSDK/Examples/MAX78000/CameraIF/build/sccb.o
 .text.send_byte
                0x1000156c       0x68 c:/MaximSDK/Examples/MAX78000/CameraIF/build/sccb.o
 .text.stop     0x100015d4       0x2c c:/MaximSDK/Examples/MAX78000/CameraIF/build/sccb.o
 .text.get_byte
                0x10001600       0x54 c:/MaximSDK/Examples/MAX78000/CameraIF/build/sccb.o
 .text.send_NACK
                0x10001654       0x34 c:/MaximSDK/Examples/MAX78000/CameraIF/build/sccb.o
 .text.sccb_init
                0x10001688       0x2c c:/MaximSDK/Examples/MAX78000/CameraIF/build/sccb.o
                0x10001688                sccb_init
 .text.sccb_scan
                0x100016b4       0x30 c:/MaximSDK/Examples/MAX78000/CameraIF/build/sccb.o
                0x100016b4                sccb_scan
 .text.sccb_read_byt
                0x100016e4       0x58 c:/MaximSDK/Examples/MAX78000/CameraIF/build/sccb.o
                0x100016e4                sccb_read_byt
 .text.sccb_write_byt
                0x1000173c       0x5c c:/MaximSDK/Examples/MAX78000/CameraIF/build/sccb.o
                0x1000173c                sccb_write_byt
 .text          0x10001798      0x148 c:/MaximSDK/Examples/MAX78000/CameraIF/build/startup_max78000.o
                0x10001798                Reset_Handler
                0x100017d6                HardFault_Handler
                0x100017d8                MemManage_Handler
                0x100017da                BusFault_Handler
                0x100017dc                UsageFault_Handler
                0x100017de                SVC_Handler
                0x100017e0                DebugMon_Handler
                0x100017e2                PendSV_Handler
                0x100017e4                SysTick_Handler
                0x100017e6                Default_Handler
                0x100017e8                PF_IRQHandler
                0x100017ea                WDT0_IRQHandler
                0x100017ec                RSV02_IRQHandler
                0x100017ee                RTC_IRQHandler
                0x100017f0                TRNG_IRQHandler
                0x100017f2                TMR0_IRQHandler
                0x100017f4                TMR1_IRQHandler
                0x100017f6                TMR2_IRQHandler
                0x100017f8                TMR3_IRQHandler
                0x100017fa                TMR4_IRQHandler
                0x100017fc                TMR5_IRQHandler
                0x100017fe                RSV11_IRQHandler
                0x10001800                RSV12_IRQHandler
                0x10001802                I2C0_IRQHandler
                0x10001804                UART0_IRQHandler
                0x10001806                UART1_IRQHandler
                0x10001808                SPI1_IRQHandler
                0x1000180a                RSV17_IRQHandler
                0x1000180c                RSV18_IRQHandler
                0x1000180e                RSV19_IRQHandler
                0x10001810                ADC_IRQHandler
                0x10001812                RSV21_IRQHandler
                0x10001814                RSV22_IRQHandler
                0x10001816                FLC0_IRQHandler
                0x1000181e                RSV27_IRQHandler
                0x10001820                DMA0_IRQHandler
                0x10001822                DMA1_IRQHandler
                0x10001824                DMA2_IRQHandler
                0x10001826                DMA3_IRQHandler
                0x10001828                RSV32_IRQHandler
                0x1000182a                RSV33_IRQHandler
                0x1000182c                UART2_IRQHandler
                0x1000182e                RSV35_IRQHandler
                0x10001830                I2C1_IRQHandler
                0x10001832                RSV37_IRQHandler
                0x10001834                RSV38_IRQHandler
                0x10001836                RSV39_IRQHandler
                0x10001838                RSV40_IRQHandler
                0x1000183a                RSV41_IRQHandler
                0x1000183c                RSV42_IRQHandler
                0x1000183e                RSV43_IRQHandler
                0x10001840                RSV44_IRQHandler
                0x10001842                RSV45_IRQHandler
                0x10001844                RSV46_IRQHandler
                0x10001846                RSV47_IRQHandler
                0x10001848                RSV48_IRQHandler
                0x1000184a                RSV49_IRQHandler
                0x1000184c                RSV50_IRQHandler
                0x1000184e                RSV51_IRQHandler
                0x10001850                RSV52_IRQHandler
                0x10001852                WUT_IRQHandler
                0x10001854                GPIOWAKE_IRQHandler
                0x10001856                RSV55_IRQHandler
                0x10001858                SPI0_IRQHandler
                0x1000185a                WDT1_IRQHandler
                0x1000185c                RSV58_IRQHandler
                0x1000185e                PT_IRQHandler
                0x10001860                RSV60_IRQHandler
                0x10001862                RSV61_IRQHandler
                0x10001864                I2C2_IRQHandler
                0x10001866                RISCV_IRQHandler
                0x10001868                RSV64_IRQHandler
                0x1000186a                RSV65_IRQHandler
                0x1000186c                RSV66_IRQHandler
                0x1000186e                OWM_IRQHandler
                0x10001870                RSV68_IRQHandler
                0x10001872                RSV69_IRQHandler
                0x10001874                RSV70_IRQHandler
                0x10001876                RSV71_IRQHandler
                0x10001878                RSV72_IRQHandler
                0x1000187a                RSV73_IRQHandler
                0x1000187c                RSV74_IRQHandler
                0x1000187e                RSV75_IRQHandler
                0x10001880                RSV76_IRQHandler
                0x10001882                RSV77_IRQHandler
                0x10001884                RSV78_IRQHandler
                0x10001886                RSV79_IRQHandler
                0x10001888                RSV80_IRQHandler
                0x1000188a                RSV81_IRQHandler
                0x1000188c                ECC_IRQHandler
                0x1000188e                DVS_IRQHandler
                0x10001890                SIMO_IRQHandler
                0x10001892                RSV85_IRQHandler
                0x10001894                RSV86_IRQHandler
                0x10001896                RSV87_IRQHandler
                0x10001898                UART3_IRQHandler
                0x1000189a                RSV89_IRQHandler
                0x1000189c                RSV90_IRQHandler
                0x1000189e                PCIF_IRQHandler
                0x100018a0                RSV92_IRQHandler
                0x100018a2                RSV93_IRQHandler
                0x100018a4                RSV94_IRQHandler
                0x100018a6                RSV95_IRQHandler
                0x100018a8                RSV96_IRQHandler
                0x100018aa                AES_IRQHandler
                0x100018ac                RSV98_IRQHandler
                0x100018ae                I2S_IRQHandler
                0x100018b0                CNN_FIFO_IRQHandler
                0x100018b2                CNN_IRQHandler
                0x100018b4                RSV102_IRQHandler
                0x100018b6                LPCMP_IRQHandler
 .text._sbrk    0x100018e0       0x40 c:/MaximSDK/Examples/MAX78000/CameraIF/build/heap.o
                0x100018e0                _sbrk
 .text.SystemCoreClockUpdate
                0x10001920       0x68 c:/MaximSDK/Examples/MAX78000/CameraIF/build/system_max78000.o
                0x10001920                SystemCoreClockUpdate
 .text.PreInit  0x10001988        0x4 c:/MaximSDK/Examples/MAX78000/CameraIF/build/system_max78000.o
                0x10001988                PreInit
 .text.SystemInit
                0x1000198c       0x38 c:/MaximSDK/Examples/MAX78000/CameraIF/build/system_max78000.o
                0x1000198c                SystemInit
 .text.MXC_DelayInit
                0x100019c4       0x84 c:/MaximSDK/Libraries/PeriphDrivers/bin/MAX78000/softfp/libPeriphDriver_softfp.a(mxc_delay.o)
 .text.MXC_DelayAsync
                0x10001a48       0x44 c:/MaximSDK/Libraries/PeriphDrivers/bin/MAX78000/softfp/libPeriphDriver_softfp.a(mxc_delay.o)
                0x10001a48                MXC_DelayAsync
 .text.MXC_DelayAbort
                0x10001a8c       0x38 c:/MaximSDK/Libraries/PeriphDrivers/bin/MAX78000/softfp/libPeriphDriver_softfp.a(mxc_delay.o)
                0x10001a8c                MXC_DelayAbort
 .text.MXC_DelayCheck
                0x10001ac4       0x64 c:/MaximSDK/Libraries/PeriphDrivers/bin/MAX78000/softfp/libPeriphDriver_softfp.a(mxc_delay.o)
                0x10001ac4                MXC_DelayCheck
 .text.MXC_Delay
                0x10001b28       0x58 c:/MaximSDK/Libraries/PeriphDrivers/bin/MAX78000/softfp/libPeriphDriver_softfp.a(mxc_delay.o)
                0x10001b28                MXC_Delay
 .text.MXC_SYS_IsClockEnabled
                0x10001b80       0x54 c:/MaximSDK/Libraries/PeriphDrivers/bin/MAX78000/softfp/libPeriphDriver_softfp.a(sys_ai85.o)
                0x10001b80                MXC_SYS_IsClockEnabled
 .text.MXC_SYS_ClockDisable
                0x10001bd4       0x48 c:/MaximSDK/Libraries/PeriphDrivers/bin/MAX78000/softfp/libPeriphDriver_softfp.a(sys_ai85.o)
                0x10001bd4                MXC_SYS_ClockDisable
 .text.MXC_SYS_ClockEnable
                0x10001c1c       0x50 c:/MaximSDK/Libraries/PeriphDrivers/bin/MAX78000/softfp/libPeriphDriver_softfp.a(sys_ai85.o)
                0x10001c1c                MXC_SYS_ClockEnable
 .text.MXC_SYS_Clock_Timeout
                0x10001c6c       0x30 c:/MaximSDK/Libraries/PeriphDrivers/bin/MAX78000/softfp/libPeriphDriver_softfp.a(sys_ai85.o)
                0x10001c6c                MXC_SYS_Clock_Timeout
 .text.MXC_SYS_ClockSourceEnable
                0x10001c9c       0x80 c:/MaximSDK/Libraries/PeriphDrivers/bin/MAX78000/softfp/libPeriphDriver_softfp.a(sys_ai85.o)
                0x10001c9c                MXC_SYS_ClockSourceEnable
 .text.MXC_SYS_Clock_Select
                0x10001d1c      0x10e c:/MaximSDK/Libraries/PeriphDrivers/bin/MAX78000/softfp/libPeriphDriver_softfp.a(sys_ai85.o)
                0x10001d1c                MXC_SYS_Clock_Select
 *fill*         0x10001e2a        0x2 
 .text.MXC_SYS_Reset_Periph
                0x10001e2c       0x3c c:/MaximSDK/Libraries/PeriphDrivers/bin/MAX78000/softfp/libPeriphDriver_softfp.a(sys_ai85.o)
                0x10001e2c                MXC_SYS_Reset_Periph
 .text.NVIC_SetRAM
                0x10001e68       0x24 c:/MaximSDK/Libraries/PeriphDrivers/bin/MAX78000/softfp/libPeriphDriver_softfp.a(nvic_table.o)
                0x10001e68                NVIC_SetRAM
 .text.NVIC_SetVector
                0x10001e8c       0x40 c:/MaximSDK/Libraries/PeriphDrivers/bin/MAX78000/softfp/libPeriphDriver_softfp.a(nvic_table.o)
                0x10001e8c                NVIC_SetVector
 .text.MXC_PCIF_Init
                0x10001ecc       0x78 c:/MaximSDK/Libraries/PeriphDrivers/bin/MAX78000/softfp/libPeriphDriver_softfp.a(cameraif_ai85.o)
                0x10001ecc                MXC_PCIF_Init
 .text.MXC_PCIF_SetDataWidth
                0x10001f44       0x10 c:/MaximSDK/Libraries/PeriphDrivers/bin/MAX78000/softfp/libPeriphDriver_softfp.a(cameraif_ai85.o)
                0x10001f44                MXC_PCIF_SetDataWidth
 .text.MXC_PCIF_SetTimingSel
                0x10001f54       0x10 c:/MaximSDK/Libraries/PeriphDrivers/bin/MAX78000/softfp/libPeriphDriver_softfp.a(cameraif_ai85.o)
                0x10001f54                MXC_PCIF_SetTimingSel
 .text.MXC_PCIF_SetThreshold
                0x10001f64       0x10 c:/MaximSDK/Libraries/PeriphDrivers/bin/MAX78000/softfp/libPeriphDriver_softfp.a(cameraif_ai85.o)
                0x10001f64                MXC_PCIF_SetThreshold
 .text.MXC_PCIF_EnableInt
                0x10001f74       0x10 c:/MaximSDK/Libraries/PeriphDrivers/bin/MAX78000/softfp/libPeriphDriver_softfp.a(cameraif_ai85.o)
                0x10001f74                MXC_PCIF_EnableInt
 .text.MXC_PCIF_DisableInt
                0x10001f84       0x10 c:/MaximSDK/Libraries/PeriphDrivers/bin/MAX78000/softfp/libPeriphDriver_softfp.a(cameraif_ai85.o)
                0x10001f84                MXC_PCIF_DisableInt
 .text.MXC_PCIF_Start
                0x10001f94       0x10 c:/MaximSDK/Libraries/PeriphDrivers/bin/MAX78000/softfp/libPeriphDriver_softfp.a(cameraif_ai85.o)
                0x10001f94                MXC_PCIF_Start
 .text.MXC_PCIF_RevA_SetDatawidth
                0x10001fa4       0x12 c:/MaximSDK/Libraries/PeriphDrivers/bin/MAX78000/softfp/libPeriphDriver_softfp.a(cameraif_reva.o)
                0x10001fa4                MXC_PCIF_RevA_SetDatawidth
 .text.MXC_PCIF_RevA_SetTimingSel
                0x10001fb6       0x12 c:/MaximSDK/Libraries/PeriphDrivers/bin/MAX78000/softfp/libPeriphDriver_softfp.a(cameraif_reva.o)
                0x10001fb6                MXC_PCIF_RevA_SetTimingSel
 .text.MXC_PCIF_RevA_SetThreshold
                0x10001fc8       0x16 c:/MaximSDK/Libraries/PeriphDrivers/bin/MAX78000/softfp/libPeriphDriver_softfp.a(cameraif_reva.o)
                0x10001fc8                MXC_PCIF_RevA_SetThreshold
 .text.MXC_PCIF_RevA_EnableInt
                0x10001fde        0xc c:/MaximSDK/Libraries/PeriphDrivers/bin/MAX78000/softfp/libPeriphDriver_softfp.a(cameraif_reva.o)
                0x10001fde                MXC_PCIF_RevA_EnableInt
 .text.MXC_PCIF_RevA_DisableInt
                0x10001fea        0xe c:/MaximSDK/Libraries/PeriphDrivers/bin/MAX78000/softfp/libPeriphDriver_softfp.a(cameraif_reva.o)
                0x10001fea                MXC_PCIF_RevA_DisableInt
 .text.MXC_PCIF_RevA_Start
                0x10001ff8       0x14 c:/MaximSDK/Libraries/PeriphDrivers/bin/MAX78000/softfp/libPeriphDriver_softfp.a(cameraif_reva.o)
                0x10001ff8                MXC_PCIF_RevA_Start
 .text.MXC_DMA_Init
                0x1000200c       0x24 c:/MaximSDK/Libraries/PeriphDrivers/bin/MAX78000/softfp/libPeriphDriver_softfp.a(dma_me17.o)
                0x1000200c                MXC_DMA_Init
 .text.MXC_DMA_AcquireChannel
                0x10002030       0x10 c:/MaximSDK/Libraries/PeriphDrivers/bin/MAX78000/softfp/libPeriphDriver_softfp.a(dma_me17.o)
                0x10002030                MXC_DMA_AcquireChannel
 .text.MXC_DMA_SetCallback
                0x10002040        0x8 c:/MaximSDK/Libraries/PeriphDrivers/bin/MAX78000/softfp/libPeriphDriver_softfp.a(dma_me17.o)
                0x10002040                MXC_DMA_SetCallback
 .text.MXC_DMA_ChannelClearFlags
                0x10002048        0x8 c:/MaximSDK/Libraries/PeriphDrivers/bin/MAX78000/softfp/libPeriphDriver_softfp.a(dma_me17.o)
                0x10002048                MXC_DMA_ChannelClearFlags
 .text.MXC_DMA_Handler
                0x10002050       0x10 c:/MaximSDK/Libraries/PeriphDrivers/bin/MAX78000/softfp/libPeriphDriver_softfp.a(dma_me17.o)
                0x10002050                MXC_DMA_Handler
 .text.MXC_DMA_RevA_Init
                0x10002060       0xa4 c:/MaximSDK/Libraries/PeriphDrivers/bin/MAX78000/softfp/libPeriphDriver_softfp.a(dma_reva.o)
                0x10002060                MXC_DMA_RevA_Init
 .text.MXC_DMA_RevA_AcquireChannel
                0x10002104       0x7c c:/MaximSDK/Libraries/PeriphDrivers/bin/MAX78000/softfp/libPeriphDriver_softfp.a(dma_reva.o)
                0x10002104                MXC_DMA_RevA_AcquireChannel
 .text.MXC_DMA_RevA_SetCallback
                0x10002180       0x30 c:/MaximSDK/Libraries/PeriphDrivers/bin/MAX78000/softfp/libPeriphDriver_softfp.a(dma_reva.o)
                0x10002180                MXC_DMA_RevA_SetCallback
 .text.MXC_DMA_RevA_ChannelGetFlags
                0x100021b0       0x30 c:/MaximSDK/Libraries/PeriphDrivers/bin/MAX78000/softfp/libPeriphDriver_softfp.a(dma_reva.o)
                0x100021b0                MXC_DMA_RevA_ChannelGetFlags
 .text.MXC_DMA_RevA_ChannelClearFlags
                0x100021e0       0x38 c:/MaximSDK/Libraries/PeriphDrivers/bin/MAX78000/softfp/libPeriphDriver_softfp.a(dma_reva.o)
                0x100021e0                MXC_DMA_RevA_ChannelClearFlags
 .text.MXC_DMA_RevA_Handler
                0x10002218       0x78 c:/MaximSDK/Libraries/PeriphDrivers/bin/MAX78000/softfp/libPeriphDriver_softfp.a(dma_reva.o)
                0x10002218                MXC_DMA_RevA_Handler
 .text.MXC_GPIO_Init
                0x10002290       0x30 c:/MaximSDK/Libraries/PeriphDrivers/bin/MAX78000/softfp/libPeriphDriver_softfp.a(gpio_ai85.o)
                0x10002290                MXC_GPIO_Init
 .text.MXC_GPIO_OutSet
                0x100022c0       0x38 c:/MaximSDK/Libraries/PeriphDrivers/bin/MAX78000/softfp/libPeriphDriver_softfp.a(gpio_ai85.o)
                0x100022c0                MXC_GPIO_OutSet
 .text.MXC_GPIO_OutClr
                0x100022f8       0x38 c:/MaximSDK/Libraries/PeriphDrivers/bin/MAX78000/softfp/libPeriphDriver_softfp.a(gpio_ai85.o)
                0x100022f8                MXC_GPIO_OutClr
 .text.MXC_GPIO_OutToggle
                0x10002330        0x8 c:/MaximSDK/Libraries/PeriphDrivers/bin/MAX78000/softfp/libPeriphDriver_softfp.a(gpio_ai85.o)
                0x10002330                MXC_GPIO_OutToggle
 .text.MXC_GPIO_Handler
                0x10002338        0x8 c:/MaximSDK/Libraries/PeriphDrivers/bin/MAX78000/softfp/libPeriphDriver_softfp.a(gpio_ai85.o)
                0x10002338                MXC_GPIO_Handler
 .text.MXC_GPIO_ClearFlags
                0x10002340        0x8 c:/MaximSDK/Libraries/PeriphDrivers/bin/MAX78000/softfp/libPeriphDriver_softfp.a(gpio_ai85.o)
                0x10002340                MXC_GPIO_ClearFlags
 .text.MXC_GPIO_GetFlags
                0x10002348        0x8 c:/MaximSDK/Libraries/PeriphDrivers/bin/MAX78000/softfp/libPeriphDriver_softfp.a(gpio_ai85.o)
                0x10002348                MXC_GPIO_GetFlags
 .text.MXC_GPIO_SetVSSEL
                0x10002350        0x8 c:/MaximSDK/Libraries/PeriphDrivers/bin/MAX78000/softfp/libPeriphDriver_softfp.a(gpio_ai85.o)
                0x10002350                MXC_GPIO_SetVSSEL
 .text.MXC_GPIO_Config
                0x10002358      0x1c4 c:/MaximSDK/Libraries/PeriphDrivers/bin/MAX78000/softfp/libPeriphDriver_softfp.a(gpio_ai85.o)
                0x10002358                MXC_GPIO_Config
 .text.MXC_GPIO_RevA_OutSet
                0x1000251c        0x4 c:/MaximSDK/Libraries/PeriphDrivers/bin/MAX78000/softfp/libPeriphDriver_softfp.a(gpio_reva.o)
                0x1000251c                MXC_GPIO_RevA_OutSet
 .text.MXC_GPIO_RevA_OutClr
                0x10002520        0x4 c:/MaximSDK/Libraries/PeriphDrivers/bin/MAX78000/softfp/libPeriphDriver_softfp.a(gpio_reva.o)
                0x10002520                MXC_GPIO_RevA_OutClr
 .text.MXC_GPIO_RevA_OutToggle
                0x10002524        0x8 c:/MaximSDK/Libraries/PeriphDrivers/bin/MAX78000/softfp/libPeriphDriver_softfp.a(gpio_reva.o)
                0x10002524                MXC_GPIO_RevA_OutToggle
 .text.MXC_GPIO_RevA_ClearFlags
                0x1000252c        0x4 c:/MaximSDK/Libraries/PeriphDrivers/bin/MAX78000/softfp/libPeriphDriver_softfp.a(gpio_reva.o)
                0x1000252c                MXC_GPIO_RevA_ClearFlags
 .text.MXC_GPIO_RevA_GetFlags
                0x10002530        0x4 c:/MaximSDK/Libraries/PeriphDrivers/bin/MAX78000/softfp/libPeriphDriver_softfp.a(gpio_reva.o)
                0x10002530                MXC_GPIO_RevA_GetFlags
 .text.MXC_GPIO_RevA_SetVSSEL
                0x10002534       0x2a c:/MaximSDK/Libraries/PeriphDrivers/bin/MAX78000/softfp/libPeriphDriver_softfp.a(gpio_reva.o)
                0x10002534                MXC_GPIO_RevA_SetVSSEL
 .text.MXC_GPIO_RevA_SetAF
                0x1000255e       0x54 c:/MaximSDK/Libraries/PeriphDrivers/bin/MAX78000/softfp/libPeriphDriver_softfp.a(gpio_reva.o)
                0x1000255e                MXC_GPIO_RevA_SetAF
 .text.MXC_ICC_Enable
                0x100025b2        0x8 c:/MaximSDK/Libraries/PeriphDrivers/bin/MAX78000/softfp/libPeriphDriver_softfp.a(icc_me17.o)
                0x100025b2                MXC_ICC_Enable
 .text.MXC_ICC_Ready
                0x100025ba        0xa c:/MaximSDK/Libraries/PeriphDrivers/bin/MAX78000/softfp/libPeriphDriver_softfp.a(icc_reva.o)
 .text.MXC_ICC_RevA_Enable
                0x100025c4       0x38 c:/MaximSDK/Libraries/PeriphDrivers/bin/MAX78000/softfp/libPeriphDriver_softfp.a(icc_reva.o)
                0x100025c4                MXC_ICC_RevA_Enable
 .text.MXC_PT_Init
                0x100025fc       0xbc c:/MaximSDK/Libraries/PeriphDrivers/bin/MAX78000/softfp/libPeriphDriver_softfp.a(pt_me17.o)
                0x100025fc                MXC_PT_Init
 .text.MXC_PT_Config
                0x100026b8       0x5c c:/MaximSDK/Libraries/PeriphDrivers/bin/MAX78000/softfp/libPeriphDriver_softfp.a(pt_me17.o)
                0x100026b8                MXC_PT_Config
 .text.MXC_PT_SqrWaveConfig
                0x10002714       0x20 c:/MaximSDK/Libraries/PeriphDrivers/bin/MAX78000/softfp/libPeriphDriver_softfp.a(pt_me17.o)
                0x10002714                MXC_PT_SqrWaveConfig
 .text.MXC_PT_Start
                0x10002734       0x10 c:/MaximSDK/Libraries/PeriphDrivers/bin/MAX78000/softfp/libPeriphDriver_softfp.a(pt_me17.o)
                0x10002734                MXC_PT_Start
 .text.MXC_PT_IsActive
                0x10002744       0x10 c:/MaximSDK/Libraries/PeriphDrivers/bin/MAX78000/softfp/libPeriphDriver_softfp.a(pt_me17.o)
                0x10002744                MXC_PT_IsActive
 .text.MXC_PT_RevA_Init
                0x10002754        0xa c:/MaximSDK/Libraries/PeriphDrivers/bin/MAX78000/softfp/libPeriphDriver_softfp.a(pt_reva.o)
                0x10002754                MXC_PT_RevA_Init
 .text.MXC_PT_RevA_SqrWaveConfig
                0x1000275e       0x14 c:/MaximSDK/Libraries/PeriphDrivers/bin/MAX78000/softfp/libPeriphDriver_softfp.a(pt_reva.o)
                0x1000275e                MXC_PT_RevA_SqrWaveConfig
 .text.MXC_PT_RevA_Start
                0x10002772       0x10 c:/MaximSDK/Libraries/PeriphDrivers/bin/MAX78000/softfp/libPeriphDriver_softfp.a(pt_reva.o)
                0x10002772                MXC_PT_RevA_Start
 .text.MXC_PT_RevA_Stop
                0x10002782        0xa c:/MaximSDK/Libraries/PeriphDrivers/bin/MAX78000/softfp/libPeriphDriver_softfp.a(pt_reva.o)
                0x10002782                MXC_PT_RevA_Stop
 .text.MXC_PT_RevA_Config
                0x1000278c       0xbc c:/MaximSDK/Libraries/PeriphDrivers/bin/MAX78000/softfp/libPeriphDriver_softfp.a(pt_reva.o)
                0x1000278c                MXC_PT_RevA_Config
 .text.MXC_PT_RevA_IsActive
                0x10002848        0xc c:/MaximSDK/Libraries/PeriphDrivers/bin/MAX78000/softfp/libPeriphDriver_softfp.a(pt_reva.o)
                0x10002848                MXC_PT_RevA_IsActive
 .text.MXC_UART_Shutdown
                0x10002854       0x70 c:/MaximSDK/Libraries/PeriphDrivers/bin/MAX78000/softfp/libPeriphDriver_softfp.a(uart_ai85.o)
                0x10002854                MXC_UART_Shutdown
 .text.MXC_UART_Init
                0x100028c4       0xa4 c:/MaximSDK/Libraries/PeriphDrivers/bin/MAX78000/softfp/libPeriphDriver_softfp.a(uart_ai85.o)
                0x100028c4                MXC_UART_Init
 .text.MXC_UART_GetFrequency
                0x10002968       0x8c c:/MaximSDK/Libraries/PeriphDrivers/bin/MAX78000/softfp/libPeriphDriver_softfp.a(uart_ai85.o)
                0x10002968                MXC_UART_GetFrequency
 .text.MXC_UART_SetFrequency
                0x100029f4       0xcc c:/MaximSDK/Libraries/PeriphDrivers/bin/MAX78000/softfp/libPeriphDriver_softfp.a(uart_ai85.o)
                0x100029f4                MXC_UART_SetFrequency
 .text.MXC_UART_SetDataSize
                0x10002ac0        0x8 c:/MaximSDK/Libraries/PeriphDrivers/bin/MAX78000/softfp/libPeriphDriver_softfp.a(uart_ai85.o)
                0x10002ac0                MXC_UART_SetDataSize
 .text.MXC_UART_SetStopBits
                0x10002ac8        0x8 c:/MaximSDK/Libraries/PeriphDrivers/bin/MAX78000/softfp/libPeriphDriver_softfp.a(uart_ai85.o)
                0x10002ac8                MXC_UART_SetStopBits
 .text.MXC_UART_SetParity
                0x10002ad0        0x8 c:/MaximSDK/Libraries/PeriphDrivers/bin/MAX78000/softfp/libPeriphDriver_softfp.a(uart_ai85.o)
                0x10002ad0                MXC_UART_SetParity
 .text.MXC_UART_ReadCharacterRaw
                0x10002ad8        0x8 c:/MaximSDK/Libraries/PeriphDrivers/bin/MAX78000/softfp/libPeriphDriver_softfp.a(uart_ai85.o)
                0x10002ad8                MXC_UART_ReadCharacterRaw
 .text.MXC_UART_WriteCharacterRaw
                0x10002ae0        0x8 c:/MaximSDK/Libraries/PeriphDrivers/bin/MAX78000/softfp/libPeriphDriver_softfp.a(uart_ai85.o)
                0x10002ae0                MXC_UART_WriteCharacterRaw
 .text.MXC_UART_ReadCharacter
                0x10002ae8        0x8 c:/MaximSDK/Libraries/PeriphDrivers/bin/MAX78000/softfp/libPeriphDriver_softfp.a(uart_ai85.o)
                0x10002ae8                MXC_UART_ReadCharacter
 .text.MXC_UART_WriteCharacter
                0x10002af0        0x8 c:/MaximSDK/Libraries/PeriphDrivers/bin/MAX78000/softfp/libPeriphDriver_softfp.a(uart_ai85.o)
                0x10002af0                MXC_UART_WriteCharacter
 .text.MXC_UART_GetRXFIFOAvailable
                0x10002af8        0x8 c:/MaximSDK/Libraries/PeriphDrivers/bin/MAX78000/softfp/libPeriphDriver_softfp.a(uart_ai85.o)
                0x10002af8                MXC_UART_GetRXFIFOAvailable
 .text.MXC_UART_GetTXFIFOAvailable
                0x10002b00        0x8 c:/MaximSDK/Libraries/PeriphDrivers/bin/MAX78000/softfp/libPeriphDriver_softfp.a(uart_ai85.o)
                0x10002b00                MXC_UART_GetTXFIFOAvailable
 .text.MXC_UART_SetRXThreshold
                0x10002b08        0x8 c:/MaximSDK/Libraries/PeriphDrivers/bin/MAX78000/softfp/libPeriphDriver_softfp.a(uart_ai85.o)
                0x10002b08                MXC_UART_SetRXThreshold
 .text.MXC_UART_Common_ReadCharacter
                0x10002b10       0x16 c:/MaximSDK/Libraries/PeriphDrivers/bin/MAX78000/softfp/libPeriphDriver_softfp.a(uart_common.o)
                0x10002b10                MXC_UART_Common_ReadCharacter
 .text.MXC_UART_Common_WriteCharacter
                0x10002b26       0x1a c:/MaximSDK/Libraries/PeriphDrivers/bin/MAX78000/softfp/libPeriphDriver_softfp.a(uart_common.o)
                0x10002b26                MXC_UART_Common_WriteCharacter
 .text.MXC_UART_RevB_Init
                0x10002b40       0x7c c:/MaximSDK/Libraries/PeriphDrivers/bin/MAX78000/softfp/libPeriphDriver_softfp.a(uart_revb.o)
                0x10002b40                MXC_UART_RevB_Init
 .text.MXC_UART_RevB_SetFrequency
                0x10002bbc       0x88 c:/MaximSDK/Libraries/PeriphDrivers/bin/MAX78000/softfp/libPeriphDriver_softfp.a(uart_revb.o)
                0x10002bbc                MXC_UART_RevB_SetFrequency
 .text.MXC_UART_RevB_GetFrequency
                0x10002c44       0x70 c:/MaximSDK/Libraries/PeriphDrivers/bin/MAX78000/softfp/libPeriphDriver_softfp.a(uart_revb.o)
                0x10002c44                MXC_UART_RevB_GetFrequency
 .text.MXC_UART_RevB_SetDataSize
                0x10002cb4       0x48 c:/MaximSDK/Libraries/PeriphDrivers/bin/MAX78000/softfp/libPeriphDriver_softfp.a(uart_revb.o)
                0x10002cb4                MXC_UART_RevB_SetDataSize
 .text.MXC_UART_RevB_SetStopBits
                0x10002cfc       0x4c c:/MaximSDK/Libraries/PeriphDrivers/bin/MAX78000/softfp/libPeriphDriver_softfp.a(uart_revb.o)
                0x10002cfc                MXC_UART_RevB_SetStopBits
 .text.MXC_UART_RevB_SetParity
                0x10002d48       0xb8 c:/MaximSDK/Libraries/PeriphDrivers/bin/MAX78000/softfp/libPeriphDriver_softfp.a(uart_revb.o)
                0x10002d48                MXC_UART_RevB_SetParity
 .text.MXC_UART_RevB_ReadCharacterRaw
                0x10002e00       0x3c c:/MaximSDK/Libraries/PeriphDrivers/bin/MAX78000/softfp/libPeriphDriver_softfp.a(uart_revb.o)
                0x10002e00                MXC_UART_RevB_ReadCharacterRaw
 .text.MXC_UART_RevB_WriteCharacterRaw
                0x10002e3c       0x3c c:/MaximSDK/Libraries/PeriphDrivers/bin/MAX78000/softfp/libPeriphDriver_softfp.a(uart_revb.o)
                0x10002e3c                MXC_UART_RevB_WriteCharacterRaw
 .text.MXC_UART_RevB_GetRXFIFOAvailable
                0x10002e78        0x8 c:/MaximSDK/Libraries/PeriphDrivers/bin/MAX78000/softfp/libPeriphDriver_softfp.a(uart_revb.o)
                0x10002e78                MXC_UART_RevB_GetRXFIFOAvailable
 .text.MXC_UART_RevB_GetTXFIFOAvailable
                0x10002e80        0xc c:/MaximSDK/Libraries/PeriphDrivers/bin/MAX78000/softfp/libPeriphDriver_softfp.a(uart_revb.o)
                0x10002e80                MXC_UART_RevB_GetTXFIFOAvailable
 .text.MXC_UART_RevB_SetRXThreshold
                0x10002e8c       0x48 c:/MaximSDK/Libraries/PeriphDrivers/bin/MAX78000/softfp/libPeriphDriver_softfp.a(uart_revb.o)
                0x10002e8c                MXC_UART_RevB_SetRXThreshold
 .text.MXC_GetLock
                0x10002ed4       0x1c c:/MaximSDK/Libraries/PeriphDrivers/bin/MAX78000/softfp/libPeriphDriver_softfp.a(mxc_lock.o)
                0x10002ed4                MXC_GetLock
 .text.MXC_FreeLock
                0x10002ef0        0xa c:/MaximSDK/Libraries/PeriphDrivers/bin/MAX78000/softfp/libPeriphDriver_softfp.a(mxc_lock.o)
                0x10002ef0                MXC_FreeLock
 *fill*         0x10002efa        0x2 
 .text.MXC_GPIO_Common_Init
                0x10002efc       0x44 c:/MaximSDK/Libraries/PeriphDrivers/bin/MAX78000/softfp/libPeriphDriver_softfp.a(gpio_common.o)
                0x10002efc                MXC_GPIO_Common_Init
 .text.MXC_GPIO_Common_Handler
                0x10002f40       0x90 c:/MaximSDK/Libraries/PeriphDrivers/bin/MAX78000/softfp/libPeriphDriver_softfp.a(gpio_common.o)
                0x10002f40                MXC_GPIO_Common_Handler
 .text.__errno  0x10002fd0        0xc c:/maximsdk/tools/gnutools/bin/../lib/gcc/arm-none-eabi/9.2.1/../../../../arm-none-eabi/lib/thumb/v7e-m+fp/softfp\libc.a(lib_a-errno.o)
                0x10002fd0                __errno
 .text.__libc_init_array
                0x10002fdc       0x48 c:/maximsdk/tools/gnutools/bin/../lib/gcc/arm-none-eabi/9.2.1/../../../../arm-none-eabi/lib/thumb/v7e-m+fp/softfp\libc.a(lib_a-init.o)
                0x10002fdc                __libc_init_array
 .text.malloc   0x10003024       0x10 c:/maximsdk/tools/gnutools/bin/../lib/gcc/arm-none-eabi/9.2.1/../../../../arm-none-eabi/lib/thumb/v7e-m+fp/softfp\libc.a(lib_a-malloc.o)
                0x10003024                malloc
 .text.free     0x10003034       0x10 c:/maximsdk/tools/gnutools/bin/../lib/gcc/arm-none-eabi/9.2.1/../../../../arm-none-eabi/lib/thumb/v7e-m+fp/softfp\libc.a(lib_a-malloc.o)
                0x10003034                free
 .text._malloc_r
                0x10003044      0x574 c:/maximsdk/tools/gnutools/bin/../lib/gcc/arm-none-eabi/9.2.1/../../../../arm-none-eabi/lib/thumb/v7e-m+fp/softfp\libc.a(lib_a-mallocr.o)
                0x10003044                _malloc_r
 .text          0x100035b8      0x134 c:/maximsdk/tools/gnutools/bin/../lib/gcc/arm-none-eabi/9.2.1/../../../../arm-none-eabi/lib/thumb/v7e-m+fp/softfp\libc.a(lib_a-memcpy.o)
                0x100035b8                memcpy
 .text.memset   0x100036ec       0xa0 c:/maximsdk/tools/gnutools/bin/../lib/gcc/arm-none-eabi/9.2.1/../../../../arm-none-eabi/lib/thumb/v7e-m+fp/softfp\libc.a(lib_a-memset.o)
                0x100036ec                memset
 .text.__malloc_lock
                0x1000378c        0xc c:/maximsdk/tools/gnutools/bin/../lib/gcc/arm-none-eabi/9.2.1/../../../../arm-none-eabi/lib/thumb/v7e-m+fp/softfp\libc.a(lib_a-mlock.o)
                0x1000378c                __malloc_lock
 .text.__malloc_unlock
                0x10003798        0xc c:/maximsdk/tools/gnutools/bin/../lib/gcc/arm-none-eabi/9.2.1/../../../../arm-none-eabi/lib/thumb/v7e-m+fp/softfp\libc.a(lib_a-mlock.o)
                0x10003798                __malloc_unlock
 .text.printf   0x100037a4       0x28 c:/maximsdk/tools/gnutools/bin/../lib/gcc/arm-none-eabi/9.2.1/../../../../arm-none-eabi/lib/thumb/v7e-m+fp/softfp\libc.a(lib_a-printf.o)
                0x100037a4                printf
 .text._puts_r  0x100037cc       0x9c c:/maximsdk/tools/gnutools/bin/../lib/gcc/arm-none-eabi/9.2.1/../../../../arm-none-eabi/lib/thumb/v7e-m+fp/softfp\libc.a(lib_a-puts.o)
                0x100037cc                _puts_r
 .text.puts     0x10003868       0x10 c:/maximsdk/tools/gnutools/bin/../lib/gcc/arm-none-eabi/9.2.1/../../../../arm-none-eabi/lib/thumb/v7e-m+fp/softfp\libc.a(lib_a-puts.o)
                0x10003868                puts
 .text._sbrk_r  0x10003878       0x24 c:/maximsdk/tools/gnutools/bin/../lib/gcc/arm-none-eabi/9.2.1/../../../../arm-none-eabi/lib/thumb/v7e-m+fp/softfp\libc.a(lib_a-sbrkr.o)
                0x10003878                _sbrk_r
 .text.sprintf  0x1000389c       0x44 c:/maximsdk/tools/gnutools/bin/../lib/gcc/arm-none-eabi/9.2.1/../../../../arm-none-eabi/lib/thumb/v7e-m+fp/softfp\libc.a(lib_a-sprintf.o)
                0x1000389c                sprintf
 *fill*         0x100038e0       0x20 
 .text          0x10003900       0xdc c:/maximsdk/tools/gnutools/bin/../lib/gcc/arm-none-eabi/9.2.1/../../../../arm-none-eabi/lib/thumb/v7e-m+fp/softfp\libc.a(lib_a-strlen.o)
                0x10003900                strlen
 *fill*         0x100039dc        0x4 
 .text._svfprintf_r
                0x100039e0     0x1b34 c:/maximsdk/tools/gnutools/bin/../lib/gcc/arm-none-eabi/9.2.1/../../../../arm-none-eabi/lib/thumb/v7e-m+fp/softfp\libc.a(lib_a-svfprintf.o)
                0x100039e0                _svfprintf_r
 *fill*         0x10005514        0x4 
 .text._vfprintf_r
                0x10005518     0x1bdc c:/maximsdk/tools/gnutools/bin/../lib/gcc/arm-none-eabi/9.2.1/../../../../arm-none-eabi/lib/thumb/v7e-m+fp/softfp\libc.a(lib_a-vfprintf.o)
                0x10005518                _vfprintf_r
 .text.__sbprintf
                0x100070f4       0x84 c:/maximsdk/tools/gnutools/bin/../lib/gcc/arm-none-eabi/9.2.1/../../../../arm-none-eabi/lib/thumb/v7e-m+fp/softfp\libc.a(lib_a-vfprintf.o)
 .text.__swsetup_r
                0x10007178       0xd0 c:/maximsdk/tools/gnutools/bin/../lib/gcc/arm-none-eabi/9.2.1/../../../../arm-none-eabi/lib/thumb/v7e-m+fp/softfp\libc.a(lib_a-wsetup.o)
                0x10007178                __swsetup_r
 .text.startup.register_fini
                0x10007248       0x14 c:/maximsdk/tools/gnutools/bin/../lib/gcc/arm-none-eabi/9.2.1/../../../../arm-none-eabi/lib/thumb/v7e-m+fp/softfp\libc.a(lib_a-__call_atexit.o)
 .text.atexit   0x1000725c        0xc c:/maximsdk/tools/gnutools/bin/../lib/gcc/arm-none-eabi/9.2.1/../../../../arm-none-eabi/lib/thumb/v7e-m+fp/softfp\libc.a(lib_a-atexit.o)
                0x1000725c                atexit
 .text.quorem   0x10007268      0x11c c:/maximsdk/tools/gnutools/bin/../lib/gcc/arm-none-eabi/9.2.1/../../../../arm-none-eabi/lib/thumb/v7e-m+fp/softfp\libc.a(lib_a-dtoa.o)
 *fill*         0x10007384        0x4 
 .text._dtoa_r  0x10007388      0xeec c:/maximsdk/tools/gnutools/bin/../lib/gcc/arm-none-eabi/9.2.1/../../../../arm-none-eabi/lib/thumb/v7e-m+fp/softfp\libc.a(lib_a-dtoa.o)
                0x10007388                _dtoa_r
 .text.__sflush_r
                0x10008274      0x130 c:/maximsdk/tools/gnutools/bin/../lib/gcc/arm-none-eabi/9.2.1/../../../../arm-none-eabi/lib/thumb/v7e-m+fp/softfp\libc.a(lib_a-fflush.o)
                0x10008274                __sflush_r
 .text._fflush_r
                0x100083a4       0x5c c:/maximsdk/tools/gnutools/bin/../lib/gcc/arm-none-eabi/9.2.1/../../../../arm-none-eabi/lib/thumb/v7e-m+fp/softfp\libc.a(lib_a-fflush.o)
                0x100083a4                _fflush_r
 .text.std      0x10008400       0x50 c:/maximsdk/tools/gnutools/bin/../lib/gcc/arm-none-eabi/9.2.1/../../../../arm-none-eabi/lib/thumb/v7e-m+fp/softfp\libc.a(lib_a-findfp.o)
 .text._cleanup_r
                0x10008450        0xc c:/maximsdk/tools/gnutools/bin/../lib/gcc/arm-none-eabi/9.2.1/../../../../arm-none-eabi/lib/thumb/v7e-m+fp/softfp\libc.a(lib_a-findfp.o)
                0x10008450                _cleanup_r
 .text.__sinit  0x1000845c       0x54 c:/maximsdk/tools/gnutools/bin/../lib/gcc/arm-none-eabi/9.2.1/../../../../arm-none-eabi/lib/thumb/v7e-m+fp/softfp\libc.a(lib_a-findfp.o)
                0x1000845c                __sinit
 .text.__sfp_lock_acquire
                0x100084b0        0xc c:/maximsdk/tools/gnutools/bin/../lib/gcc/arm-none-eabi/9.2.1/../../../../arm-none-eabi/lib/thumb/v7e-m+fp/softfp\libc.a(lib_a-findfp.o)
                0x100084b0                __sfp_lock_acquire
 .text.__sfp_lock_release
                0x100084bc        0xc c:/maximsdk/tools/gnutools/bin/../lib/gcc/arm-none-eabi/9.2.1/../../../../arm-none-eabi/lib/thumb/v7e-m+fp/softfp\libc.a(lib_a-findfp.o)
                0x100084bc                __sfp_lock_release
 .text.__libc_fini_array
                0x100084c8       0x2c c:/maximsdk/tools/gnutools/bin/../lib/gcc/arm-none-eabi/9.2.1/../../../../arm-none-eabi/lib/thumb/v7e-m+fp/softfp\libc.a(lib_a-fini.o)
                0x100084c8                __libc_fini_array
 .text._malloc_trim_r
                0x100084f4       0xa0 c:/maximsdk/tools/gnutools/bin/../lib/gcc/arm-none-eabi/9.2.1/../../../../arm-none-eabi/lib/thumb/v7e-m+fp/softfp\libc.a(lib_a-freer.o)
                0x100084f4                _malloc_trim_r
 .text._free_r  0x10008594      0x208 c:/maximsdk/tools/gnutools/bin/../lib/gcc/arm-none-eabi/9.2.1/../../../../arm-none-eabi/lib/thumb/v7e-m+fp/softfp\libc.a(lib_a-freer.o)
                0x10008594                _free_r
 .text.__sfvwrite_r
                0x1000879c      0x2e0 c:/maximsdk/tools/gnutools/bin/../lib/gcc/arm-none-eabi/9.2.1/../../../../arm-none-eabi/lib/thumb/v7e-m+fp/softfp\libc.a(lib_a-fvwrite.o)
                0x1000879c                __sfvwrite_r
 .text._fwalk_reent
                0x10008a7c       0x48 c:/maximsdk/tools/gnutools/bin/../lib/gcc/arm-none-eabi/9.2.1/../../../../arm-none-eabi/lib/thumb/v7e-m+fp/softfp\libc.a(lib_a-fwalk.o)
                0x10008a7c                _fwalk_reent
 .text._localeconv_r
                0x10008ac4        0x8 c:/maximsdk/tools/gnutools/bin/../lib/gcc/arm-none-eabi/9.2.1/../../../../arm-none-eabi/lib/thumb/v7e-m+fp/softfp\libc.a(lib_a-localeconv.o)
                0x10008ac4                _localeconv_r
 .text.__retarget_lock_init_recursive
                0x10008acc        0x4 c:/maximsdk/tools/gnutools/bin/../lib/gcc/arm-none-eabi/9.2.1/../../../../arm-none-eabi/lib/thumb/v7e-m+fp/softfp\libc.a(lib_a-lock.o)
                0x10008acc                __retarget_lock_init_recursive
 .text.__retarget_lock_close_recursive
                0x10008ad0        0x4 c:/maximsdk/tools/gnutools/bin/../lib/gcc/arm-none-eabi/9.2.1/../../../../arm-none-eabi/lib/thumb/v7e-m+fp/softfp\libc.a(lib_a-lock.o)
                0x10008ad0                __retarget_lock_close_recursive
 .text.__retarget_lock_acquire_recursive
                0x10008ad4        0x4 c:/maximsdk/tools/gnutools/bin/../lib/gcc/arm-none-eabi/9.2.1/../../../../arm-none-eabi/lib/thumb/v7e-m+fp/softfp\libc.a(lib_a-lock.o)
                0x10008ad4                __retarget_lock_acquire_recursive
 .text.__retarget_lock_release_recursive
                0x10008ad8        0x4 c:/maximsdk/tools/gnutools/bin/../lib/gcc/arm-none-eabi/9.2.1/../../../../arm-none-eabi/lib/thumb/v7e-m+fp/softfp\libc.a(lib_a-lock.o)
                0x10008ad8                __retarget_lock_release_recursive
 .text.__swhatbuf_r
                0x10008adc       0x5c c:/maximsdk/tools/gnutools/bin/../lib/gcc/arm-none-eabi/9.2.1/../../../../arm-none-eabi/lib/thumb/v7e-m+fp/softfp\libc.a(lib_a-makebuf.o)
                0x10008adc                __swhatbuf_r
 .text.__smakebuf_r
                0x10008b38       0x98 c:/maximsdk/tools/gnutools/bin/../lib/gcc/arm-none-eabi/9.2.1/../../../../arm-none-eabi/lib/thumb/v7e-m+fp/softfp\libc.a(lib_a-makebuf.o)
                0x10008b38                __smakebuf_r
 .text          0x10008bd0       0xa0 c:/maximsdk/tools/gnutools/bin/../lib/gcc/arm-none-eabi/9.2.1/../../../../arm-none-eabi/lib/thumb/v7e-m+fp/softfp\libc.a(lib_a-memchr.o)
                0x10008bd0                memchr
 .text.memmove  0x10008c70       0xd8 c:/maximsdk/tools/gnutools/bin/../lib/gcc/arm-none-eabi/9.2.1/../../../../arm-none-eabi/lib/thumb/v7e-m+fp/softfp\libc.a(lib_a-memmove.o)
                0x10008c70                memmove
 .text._Balloc  0x10008d48       0x4c c:/maximsdk/tools/gnutools/bin/../lib/gcc/arm-none-eabi/9.2.1/../../../../arm-none-eabi/lib/thumb/v7e-m+fp/softfp\libc.a(lib_a-mprec.o)
                0x10008d48                _Balloc
 .text._Bfree   0x10008d94       0x14 c:/maximsdk/tools/gnutools/bin/../lib/gcc/arm-none-eabi/9.2.1/../../../../arm-none-eabi/lib/thumb/v7e-m+fp/softfp\libc.a(lib_a-mprec.o)
                0x10008d94                _Bfree
 .text.__multadd
                0x10008da8       0x8c c:/maximsdk/tools/gnutools/bin/../lib/gcc/arm-none-eabi/9.2.1/../../../../arm-none-eabi/lib/thumb/v7e-m+fp/softfp\libc.a(lib_a-mprec.o)
                0x10008da8                __multadd
 .text.__hi0bits
                0x10008e34       0x40 c:/maximsdk/tools/gnutools/bin/../lib/gcc/arm-none-eabi/9.2.1/../../../../arm-none-eabi/lib/thumb/v7e-m+fp/softfp\libc.a(lib_a-mprec.o)
                0x10008e34                __hi0bits
 .text.__lo0bits
                0x10008e74       0x60 c:/maximsdk/tools/gnutools/bin/../lib/gcc/arm-none-eabi/9.2.1/../../../../arm-none-eabi/lib/thumb/v7e-m+fp/softfp\libc.a(lib_a-mprec.o)
                0x10008e74                __lo0bits
 .text.__i2b    0x10008ed4       0x14 c:/maximsdk/tools/gnutools/bin/../lib/gcc/arm-none-eabi/9.2.1/../../../../arm-none-eabi/lib/thumb/v7e-m+fp/softfp\libc.a(lib_a-mprec.o)
                0x10008ed4                __i2b
 .text.__multiply
                0x10008ee8      0x144 c:/maximsdk/tools/gnutools/bin/../lib/gcc/arm-none-eabi/9.2.1/../../../../arm-none-eabi/lib/thumb/v7e-m+fp/softfp\libc.a(lib_a-mprec.o)
                0x10008ee8                __multiply
 .text.__pow5mult
                0x1000902c       0xa0 c:/maximsdk/tools/gnutools/bin/../lib/gcc/arm-none-eabi/9.2.1/../../../../arm-none-eabi/lib/thumb/v7e-m+fp/softfp\libc.a(lib_a-mprec.o)
                0x1000902c                __pow5mult
 .text.__lshift
                0x100090cc       0xd4 c:/maximsdk/tools/gnutools/bin/../lib/gcc/arm-none-eabi/9.2.1/../../../../arm-none-eabi/lib/thumb/v7e-m+fp/softfp\libc.a(lib_a-mprec.o)
                0x100090cc                __lshift
 .text.__mcmp   0x100091a0       0x3c c:/maximsdk/tools/gnutools/bin/../lib/gcc/arm-none-eabi/9.2.1/../../../../arm-none-eabi/lib/thumb/v7e-m+fp/softfp\libc.a(lib_a-mprec.o)
                0x100091a0                __mcmp
 .text.__mdiff  0x100091dc      0x138 c:/maximsdk/tools/gnutools/bin/../lib/gcc/arm-none-eabi/9.2.1/../../../../arm-none-eabi/lib/thumb/v7e-m+fp/softfp\libc.a(lib_a-mprec.o)
                0x100091dc                __mdiff
 .text.__d2b    0x10009314       0xbc c:/maximsdk/tools/gnutools/bin/../lib/gcc/arm-none-eabi/9.2.1/../../../../arm-none-eabi/lib/thumb/v7e-m+fp/softfp\libc.a(lib_a-mprec.o)
                0x10009314                __d2b
 .text._realloc_r
                0x100093d0      0x3e0 c:/maximsdk/tools/gnutools/bin/../lib/gcc/arm-none-eabi/9.2.1/../../../../arm-none-eabi/lib/thumb/v7e-m+fp/softfp\libc.a(lib_a-reallocr.o)
                0x100093d0                _realloc_r
 .text.frexp    0x100097b0       0x70 c:/maximsdk/tools/gnutools/bin/../lib/gcc/arm-none-eabi/9.2.1/../../../../arm-none-eabi/lib/thumb/v7e-m+fp/softfp\libc.a(lib_a-s_frexp.o)
                0x100097b0                frexp
 .text.__sread  0x10009820       0x24 c:/maximsdk/tools/gnutools/bin/../lib/gcc/arm-none-eabi/9.2.1/../../../../arm-none-eabi/lib/thumb/v7e-m+fp/softfp\libc.a(lib_a-stdio.o)
                0x10009820                __sread
 .text.__swrite
                0x10009844       0x40 c:/maximsdk/tools/gnutools/bin/../lib/gcc/arm-none-eabi/9.2.1/../../../../arm-none-eabi/lib/thumb/v7e-m+fp/softfp\libc.a(lib_a-stdio.o)
                0x10009844                __swrite
 .text.__sseek  0x10009884       0x20 c:/maximsdk/tools/gnutools/bin/../lib/gcc/arm-none-eabi/9.2.1/../../../../arm-none-eabi/lib/thumb/v7e-m+fp/softfp\libc.a(lib_a-stdio.o)
                0x10009884                __sseek
 .text.__sclose
                0x100098a4        0x8 c:/maximsdk/tools/gnutools/bin/../lib/gcc/arm-none-eabi/9.2.1/../../../../arm-none-eabi/lib/thumb/v7e-m+fp/softfp\libc.a(lib_a-stdio.o)
                0x100098a4                __sclose
 .text.strncpy  0x100098ac       0x68 c:/maximsdk/tools/gnutools/bin/../lib/gcc/arm-none-eabi/9.2.1/../../../../arm-none-eabi/lib/thumb/v7e-m+fp/softfp\libc.a(lib_a-strncpy.o)
                0x100098ac                strncpy
 .text.__ssprint_r
                0x10009914       0xf8 c:/maximsdk/tools/gnutools/bin/../lib/gcc/arm-none-eabi/9.2.1/../../../../arm-none-eabi/lib/thumb/v7e-m+fp/softfp\libc.a(lib_a-svfiprintf.o)
                0x10009914                __ssprint_r
 .text.__sprint_r.part.0
                0x10009a0c       0x78 c:/maximsdk/tools/gnutools/bin/../lib/gcc/arm-none-eabi/9.2.1/../../../../arm-none-eabi/lib/thumb/v7e-m+fp/softfp\libc.a(lib_a-vfiprintf.o)
 .text.__sprint_r
                0x10009a84       0x18 c:/maximsdk/tools/gnutools/bin/../lib/gcc/arm-none-eabi/9.2.1/../../../../arm-none-eabi/lib/thumb/v7e-m+fp/softfp\libc.a(lib_a-vfiprintf.o)
                0x10009a84                __sprint_r
 .text.__swbuf_r
                0x10009a9c       0xb0 c:/maximsdk/tools/gnutools/bin/../lib/gcc/arm-none-eabi/9.2.1/../../../../arm-none-eabi/lib/thumb/v7e-m+fp/softfp\libc.a(lib_a-wbuf.o)
                0x10009a9c                __swbuf_r
 .text._write_r
                0x10009b4c       0x2c c:/maximsdk/tools/gnutools/bin/../lib/gcc/arm-none-eabi/9.2.1/../../../../arm-none-eabi/lib/thumb/v7e-m+fp/softfp\libc.a(lib_a-writer.o)
                0x10009b4c                _write_r
 .text.__register_exitproc
                0x10009b78       0x8c c:/maximsdk/tools/gnutools/bin/../lib/gcc/arm-none-eabi/9.2.1/../../../../arm-none-eabi/lib/thumb/v7e-m+fp/softfp\libc.a(lib_a-__atexit.o)
                0x10009b78                __register_exitproc
 .text._calloc_r
                0x10009c04       0x60 c:/maximsdk/tools/gnutools/bin/../lib/gcc/arm-none-eabi/9.2.1/../../../../arm-none-eabi/lib/thumb/v7e-m+fp/softfp\libc.a(lib_a-callocr.o)
                0x10009c04                _calloc_r
 .text._close_r
                0x10009c64       0x24 c:/maximsdk/tools/gnutools/bin/../lib/gcc/arm-none-eabi/9.2.1/../../../../arm-none-eabi/lib/thumb/v7e-m+fp/softfp\libc.a(lib_a-closer.o)
                0x10009c64                _close_r
 .text._fclose_r
                0x10009c88       0xcc c:/maximsdk/tools/gnutools/bin/../lib/gcc/arm-none-eabi/9.2.1/../../../../arm-none-eabi/lib/thumb/v7e-m+fp/softfp\libc.a(lib_a-fclose.o)
                0x10009c88                _fclose_r
 .text.__fputwc
                0x10009d54       0xa8 c:/maximsdk/tools/gnutools/bin/../lib/gcc/arm-none-eabi/9.2.1/../../../../arm-none-eabi/lib/thumb/v7e-m+fp/softfp\libc.a(lib_a-fputwc.o)
                0x10009d54                __fputwc
 .text._fputwc_r
                0x10009dfc       0x68 c:/maximsdk/tools/gnutools/bin/../lib/gcc/arm-none-eabi/9.2.1/../../../../arm-none-eabi/lib/thumb/v7e-m+fp/softfp\libc.a(lib_a-fputwc.o)
                0x10009dfc                _fputwc_r
 .text._fstat_r
                0x10009e64       0x2c c:/maximsdk/tools/gnutools/bin/../lib/gcc/arm-none-eabi/9.2.1/../../../../arm-none-eabi/lib/thumb/v7e-m+fp/softfp\libc.a(lib_a-fstatr.o)
                0x10009e64                _fstat_r
 .text._isatty_r
                0x10009e90       0x24 c:/maximsdk/tools/gnutools/bin/../lib/gcc/arm-none-eabi/9.2.1/../../../../arm-none-eabi/lib/thumb/v7e-m+fp/softfp\libc.a(lib_a-isattyr.o)
                0x10009e90                _isatty_r
 .text.__locale_mb_cur_max
                0x10009eb4        0xc c:/maximsdk/tools/gnutools/bin/../lib/gcc/arm-none-eabi/9.2.1/../../../../arm-none-eabi/lib/thumb/v7e-m+fp/softfp\libc.a(lib_a-locale.o)
                0x10009eb4                __locale_mb_cur_max
 .text._lseek_r
                0x10009ec0       0x2c c:/maximsdk/tools/gnutools/bin/../lib/gcc/arm-none-eabi/9.2.1/../../../../arm-none-eabi/lib/thumb/v7e-m+fp/softfp\libc.a(lib_a-lseekr.o)
                0x10009ec0                _lseek_r
 .text.__ascii_mbtowc
                0x10009eec       0x2c c:/maximsdk/tools/gnutools/bin/../lib/gcc/arm-none-eabi/9.2.1/../../../../arm-none-eabi/lib/thumb/v7e-m+fp/softfp\libc.a(lib_a-mbtowc_r.o)
                0x10009eec                __ascii_mbtowc
 .text._read_r  0x10009f18       0x2c c:/maximsdk/tools/gnutools/bin/../lib/gcc/arm-none-eabi/9.2.1/../../../../arm-none-eabi/lib/thumb/v7e-m+fp/softfp\libc.a(lib_a-readr.o)
                0x10009f18                _read_r
 .text._wcrtomb_r
                0x10009f44       0x3c c:/maximsdk/tools/gnutools/bin/../lib/gcc/arm-none-eabi/9.2.1/../../../../arm-none-eabi/lib/thumb/v7e-m+fp/softfp\libc.a(lib_a-wcrtomb.o)
                0x10009f44                _wcrtomb_r
 .text.__ascii_wctomb
                0x10009f80       0x1c c:/maximsdk/tools/gnutools/bin/../lib/gcc/arm-none-eabi/9.2.1/../../../../arm-none-eabi/lib/thumb/v7e-m+fp/softfp\libc.a(lib_a-wctomb_r.o)
                0x10009f80                __ascii_wctomb
 .text          0x10009f9c      0x378 c:/maximsdk/tools/gnutools/bin/../lib/gcc/arm-none-eabi/9.2.1/thumb/v7e-m+fp/softfp\libgcc.a(_arm_addsubdf3.o)
                0x10009f9c                __aeabi_drsub
                0x10009fa4                __aeabi_dsub
                0x10009fa4                __subdf3
                0x10009fa8                __aeabi_dadd
                0x10009fa8                __adddf3
                0x1000a220                __floatunsidf
                0x1000a220                __aeabi_ui2d
                0x1000a240                __floatsidf
                0x1000a240                __aeabi_i2d
                0x1000a264                __aeabi_f2d
                0x1000a264                __extendsfdf2
                0x1000a2a8                __floatundidf
                0x1000a2a8                __aeabi_ul2d
                0x1000a2b8                __floatdidf
                0x1000a2b8                __aeabi_l2d
 .text          0x1000a314      0x424 c:/maximsdk/tools/gnutools/bin/../lib/gcc/arm-none-eabi/9.2.1/thumb/v7e-m+fp/softfp\libgcc.a(_arm_muldivdf3.o)
                0x1000a314                __aeabi_dmul
                0x1000a314                __muldf3
                0x1000a568                __divdf3
                0x1000a568                __aeabi_ddiv
 .text          0x1000a738      0x110 c:/maximsdk/tools/gnutools/bin/../lib/gcc/arm-none-eabi/9.2.1/thumb/v7e-m+fp/softfp\libgcc.a(_arm_cmpdf2.o)
                0x1000a738                __gtdf2
                0x1000a738                __gedf2
                0x1000a740                __ltdf2
                0x1000a740                __ledf2
                0x1000a748                __nedf2
                0x1000a748                __eqdf2
                0x1000a748                __cmpdf2
                0x1000a7c4                __aeabi_cdrcmple
                0x1000a7d4                __aeabi_cdcmpeq
                0x1000a7d4                __aeabi_cdcmple
                0x1000a7e4                __aeabi_dcmpeq
                0x1000a7f8                __aeabi_dcmplt
                0x1000a80c                __aeabi_dcmple
                0x1000a820                __aeabi_dcmpge
                0x1000a834                __aeabi_dcmpgt
 .text          0x1000a848       0x2c c:/maximsdk/tools/gnutools/bin/../lib/gcc/arm-none-eabi/9.2.1/thumb/v7e-m+fp/softfp\libgcc.a(_arm_unorddf2.o)
                0x1000a848                __unorddf2
                0x1000a848                __aeabi_dcmpun
 .text          0x1000a874       0x50 c:/maximsdk/tools/gnutools/bin/../lib/gcc/arm-none-eabi/9.2.1/thumb/v7e-m+fp/softfp\libgcc.a(_arm_fixdfsi.o)
                0x1000a874                __aeabi_d2iz
                0x1000a874                __fixdfsi
 .text          0x1000a8c4       0x30 c:/maximsdk/tools/gnutools/bin/../lib/gcc/arm-none-eabi/9.2.1/thumb/v7e-m+fp/softfp\libgcc.a(_aeabi_uldivmod.o)
                0x1000a8c4                __aeabi_uldivmod
 .text          0x1000a8f4      0x2c4 c:/maximsdk/tools/gnutools/bin/../lib/gcc/arm-none-eabi/9.2.1/thumb/v7e-m+fp/softfp\libgcc.a(_udivmoddi4.o)
                0x1000a8f4                __udivmoddi4
 .text          0x1000abb8        0x4 c:/maximsdk/tools/gnutools/bin/../lib/gcc/arm-none-eabi/9.2.1/thumb/v7e-m+fp/softfp\libgcc.a(_dvmd_tls.o)
                0x1000abb8                __aeabi_idiv0
                0x1000abb8                __aeabi_ldiv0
 *(.rodata*)
 .rodata.main.str1.4
                0x1000abbc       0xc1 c:/MaximSDK/Examples/MAX78000/CameraIF/build/main.o
 *fill*         0x1000ac7d        0x3 
 .rodata        0x1000ac80       0x12 c:/MaximSDK/Examples/MAX78000/CameraIF/build/utils.o
 *fill*         0x1000ac92        0x2 
 .rodata.mxc_assert.str1.4
                0x1000ac94       0x19 c:/MaximSDK/Examples/MAX78000/CameraIF/build/board.o
 *fill*         0x1000acad        0x3 
 .rodata.Board_Init.str1.4
                0x1000acb0       0x45 c:/MaximSDK/Examples/MAX78000/CameraIF/build/board.o
 *fill*         0x1000acf5        0x3 
 .rodata.led_pin
                0x1000acf8       0x18 c:/MaximSDK/Examples/MAX78000/CameraIF/build/board.o
                0x1000acf8                led_pin
 .rodata.num_leds
                0x1000ad10        0x4 c:/MaximSDK/Examples/MAX78000/CameraIF/build/board.o
                0x1000ad10                num_leds
 .rodata.num_pbs
                0x1000ad14        0x4 c:/MaximSDK/Examples/MAX78000/CameraIF/build/board.o
                0x1000ad14                num_pbs
 .rodata.pb_pin
                0x1000ad18       0x18 c:/MaximSDK/Examples/MAX78000/CameraIF/build/board.o
                0x1000ad18                pb_pin
 .rodata.LED_On.str1.4
                0x1000ad30       0x4f c:/MaximSDK/Examples/MAX78000/CameraIF/build/led.o
 *fill*         0x1000ad7f        0x1 
 .rodata.camera_get_pixel_format.str1.4
                0x1000ad80       0x2e c:/MaximSDK/Examples/MAX78000/CameraIF/build/camera.o
 *fill*         0x1000adae        0x2 
 .rodata.dump_registers.str1.4
                0x1000adb0       0x12 c:/MaximSDK/Examples/MAX78000/CameraIF/build/ov7692.o
 *fill*         0x1000adc2        0x2 
 .rodata.default_regs
                0x1000adc4       0x5e c:/MaximSDK/Examples/MAX78000/CameraIF/build/ov7692.o
 *fill*         0x1000ae22        0x2 
 .rodata.gpio_cfg_scl
                0x1000ae24        0xc c:/MaximSDK/Examples/MAX78000/CameraIF/build/sccb.o
 .rodata.gpio_cfg_sda
                0x1000ae30        0xc c:/MaximSDK/Examples/MAX78000/CameraIF/build/sccb.o
 .rodata.gpio_cfg_pcif_P0_BITS_0_7
                0x1000ae3c        0xc c:/MaximSDK/Libraries/PeriphDrivers/bin/MAX78000/softfp/libPeriphDriver_softfp.a(pins_ai85.o)
                0x1000ae3c                gpio_cfg_pcif_P0_BITS_0_7
 .rodata.gpio_cfg_pcif_P0_BITS_8_9
                0x1000ae48        0xc c:/MaximSDK/Libraries/PeriphDrivers/bin/MAX78000/softfp/libPeriphDriver_softfp.a(pins_ai85.o)
                0x1000ae48                gpio_cfg_pcif_P0_BITS_8_9
 .rodata.gpio_cfg_pcif_P1_BITS_10_11
                0x1000ae54        0xc c:/MaximSDK/Libraries/PeriphDrivers/bin/MAX78000/softfp/libPeriphDriver_softfp.a(pins_ai85.o)
                0x1000ae54                gpio_cfg_pcif_P1_BITS_10_11
 .rodata.gpio_cfg_pcif_hsync
                0x1000ae60        0xc c:/MaximSDK/Libraries/PeriphDrivers/bin/MAX78000/softfp/libPeriphDriver_softfp.a(pins_ai85.o)
                0x1000ae60                gpio_cfg_pcif_hsync
 .rodata.gpio_cfg_pcif_vsync
                0x1000ae6c        0xc c:/MaximSDK/Libraries/PeriphDrivers/bin/MAX78000/softfp/libPeriphDriver_softfp.a(pins_ai85.o)
                0x1000ae6c                gpio_cfg_pcif_vsync
 .rodata.gpio_cfg_pcif_xclk
                0x1000ae78        0xc c:/MaximSDK/Libraries/PeriphDrivers/bin/MAX78000/softfp/libPeriphDriver_softfp.a(pins_ai85.o)
                0x1000ae78                gpio_cfg_pcif_xclk
 .rodata.gpio_cfg_pt0
                0x1000ae84        0xc c:/MaximSDK/Libraries/PeriphDrivers/bin/MAX78000/softfp/libPeriphDriver_softfp.a(pins_ai85.o)
                0x1000ae84                gpio_cfg_pt0
 .rodata.gpio_cfg_pt1
                0x1000ae90        0xc c:/MaximSDK/Libraries/PeriphDrivers/bin/MAX78000/softfp/libPeriphDriver_softfp.a(pins_ai85.o)
                0x1000ae90                gpio_cfg_pt1
 .rodata.gpio_cfg_pt2
                0x1000ae9c        0xc c:/MaximSDK/Libraries/PeriphDrivers/bin/MAX78000/softfp/libPeriphDriver_softfp.a(pins_ai85.o)
                0x1000ae9c                gpio_cfg_pt2
 .rodata.gpio_cfg_pt3
                0x1000aea8        0xc c:/MaximSDK/Libraries/PeriphDrivers/bin/MAX78000/softfp/libPeriphDriver_softfp.a(pins_ai85.o)
                0x1000aea8                gpio_cfg_pt3
 .rodata.gpio_cfg_uart0
                0x1000aeb4        0xc c:/MaximSDK/Libraries/PeriphDrivers/bin/MAX78000/softfp/libPeriphDriver_softfp.a(pins_ai85.o)
                0x1000aeb4                gpio_cfg_uart0
 .rodata.gpio_cfg_uart1
                0x1000aec0        0xc c:/MaximSDK/Libraries/PeriphDrivers/bin/MAX78000/softfp/libPeriphDriver_softfp.a(pins_ai85.o)
                0x1000aec0                gpio_cfg_uart1
 .rodata.gpio_cfg_uart2
                0x1000aecc        0xc c:/MaximSDK/Libraries/PeriphDrivers/bin/MAX78000/softfp/libPeriphDriver_softfp.a(pins_ai85.o)
                0x1000aecc                gpio_cfg_uart2
 .rodata.gpio_cfg_uart3
                0x1000aed8        0xc c:/MaximSDK/Libraries/PeriphDrivers/bin/MAX78000/softfp/libPeriphDriver_softfp.a(pins_ai85.o)
                0x1000aed8                gpio_cfg_uart3
 .rodata.MXC_PT_Init.str1.4
                0x1000aee4       0x55 c:/MaximSDK/Libraries/PeriphDrivers/bin/MAX78000/softfp/libPeriphDriver_softfp.a(pt_me17.o)
 *fill*         0x1000af39        0x3 
 .rodata.MXC_PT_RevA_Config.str1.4
                0x1000af3c       0x51 c:/MaximSDK/Libraries/PeriphDrivers/bin/MAX78000/softfp/libPeriphDriver_softfp.a(pt_reva.o)
 *fill*         0x1000af8d        0x3 
 .rodata.MXC_GPIO_Common_Handler.str1.4
                0x1000af90       0x66 c:/MaximSDK/Libraries/PeriphDrivers/bin/MAX78000/softfp/libPeriphDriver_softfp.a(gpio_common.o)
 *fill*         0x1000aff6        0x2 
 .rodata._global_impure_ptr
                0x1000aff8        0x4 c:/maximsdk/tools/gnutools/bin/../lib/gcc/arm-none-eabi/9.2.1/../../../../arm-none-eabi/lib/thumb/v7e-m+fp/softfp\libc.a(lib_a-impure.o)
                0x1000aff8                _global_impure_ptr
 .rodata._puts_r.str1.4
                0x1000affc       0x66 c:/maximsdk/tools/gnutools/bin/../lib/gcc/arm-none-eabi/9.2.1/../../../../arm-none-eabi/lib/thumb/v7e-m+fp/softfp\libc.a(lib_a-puts.o)
                                  0x2 (size before relaxing)
 .rodata._svfprintf_r.str1.4
                0x1000affc       0x42 c:/maximsdk/tools/gnutools/bin/../lib/gcc/arm-none-eabi/9.2.1/../../../../arm-none-eabi/lib/thumb/v7e-m+fp/softfp\libc.a(lib_a-svfprintf.o)
 *fill*         0x1000b03e        0x2 
 .rodata.blanks.8708
                0x1000b040       0x10 c:/maximsdk/tools/gnutools/bin/../lib/gcc/arm-none-eabi/9.2.1/../../../../arm-none-eabi/lib/thumb/v7e-m+fp/softfp\libc.a(lib_a-svfprintf.o)
 .rodata.zeroes.8709
                0x1000b050       0x10 c:/maximsdk/tools/gnutools/bin/../lib/gcc/arm-none-eabi/9.2.1/../../../../arm-none-eabi/lib/thumb/v7e-m+fp/softfp\libc.a(lib_a-svfprintf.o)
 .rodata._vfprintf_r.str1.4
                0x1000b060       0x42 c:/maximsdk/tools/gnutools/bin/../lib/gcc/arm-none-eabi/9.2.1/../../../../arm-none-eabi/lib/thumb/v7e-m+fp/softfp\libc.a(lib_a-vfprintf.o)
 .rodata.blanks.8723
                0x1000b060       0x10 c:/maximsdk/tools/gnutools/bin/../lib/gcc/arm-none-eabi/9.2.1/../../../../arm-none-eabi/lib/thumb/v7e-m+fp/softfp\libc.a(lib_a-vfprintf.o)
 .rodata.zeroes.8724
                0x1000b070       0x10 c:/maximsdk/tools/gnutools/bin/../lib/gcc/arm-none-eabi/9.2.1/../../../../arm-none-eabi/lib/thumb/v7e-m+fp/softfp\libc.a(lib_a-vfprintf.o)
 .rodata._dtoa_r.str1.4
                0x1000b080        0xd c:/maximsdk/tools/gnutools/bin/../lib/gcc/arm-none-eabi/9.2.1/../../../../arm-none-eabi/lib/thumb/v7e-m+fp/softfp\libc.a(lib_a-dtoa.o)
                                 0x12 (size before relaxing)
 *fill*         0x1000b08d        0x3 
 .rodata.__mprec_bigtens
                0x1000b090       0x28 c:/maximsdk/tools/gnutools/bin/../lib/gcc/arm-none-eabi/9.2.1/../../../../arm-none-eabi/lib/thumb/v7e-m+fp/softfp\libc.a(lib_a-mprec.o)
                0x1000b090                __mprec_bigtens
 .rodata.__mprec_tens
                0x1000b0b8       0xc8 c:/maximsdk/tools/gnutools/bin/../lib/gcc/arm-none-eabi/9.2.1/../../../../arm-none-eabi/lib/thumb/v7e-m+fp/softfp\libc.a(lib_a-mprec.o)
                0x1000b0b8                __mprec_tens
 .rodata.p05.7478
                0x1000b180        0xc c:/maximsdk/tools/gnutools/bin/../lib/gcc/arm-none-eabi/9.2.1/../../../../arm-none-eabi/lib/thumb/v7e-m+fp/softfp\libc.a(lib_a-mprec.o)
 .rodata._setlocale_r.str1.4
                0x1000b18c        0xa c:/maximsdk/tools/gnutools/bin/../lib/gcc/arm-none-eabi/9.2.1/../../../../arm-none-eabi/lib/thumb/v7e-m+fp/softfp\libc.a(lib_a-locale.o)
                                  0xd (size before relaxing)
 *fill*         0x1000b196        0x2 
 .rodata.str1.4
                0x1000b198        0x2 c:/maximsdk/tools/gnutools/bin/../lib/gcc/arm-none-eabi/9.2.1/../../../../arm-none-eabi/lib/thumb/v7e-m+fp/softfp\libc.a(lib_a-locale.o)
 *fill*         0x1000b19a        0x2 
 .rodata._ctype_
                0x1000b19c      0x101 c:/maximsdk/tools/gnutools/bin/../lib/gcc/arm-none-eabi/9.2.1/../../../../arm-none-eabi/lib/thumb/v7e-m+fp/softfp\libc.a(lib_a-ctype_.o)
                0x1000b19c                _ctype_
 *(.init)
 *fill*         0x1000b29d        0x3 
 .init          0x1000b2a0        0x4 c:/maximsdk/tools/gnutools/bin/../lib/gcc/arm-none-eabi/9.2.1/thumb/v7e-m+fp/softfp/crti.o
                0x1000b2a0                _init
 .init          0x1000b2a4        0x8 c:/maximsdk/tools/gnutools/bin/../lib/gcc/arm-none-eabi/9.2.1/thumb/v7e-m+fp/softfp/crtn.o
 *(.fini)
 .fini          0x1000b2ac        0x4 c:/maximsdk/tools/gnutools/bin/../lib/gcc/arm-none-eabi/9.2.1/thumb/v7e-m+fp/softfp/crti.o
                0x1000b2ac                _fini
 .fini          0x1000b2b0        0x8 c:/maximsdk/tools/gnutools/bin/../lib/gcc/arm-none-eabi/9.2.1/thumb/v7e-m+fp/softfp/crtn.o
 *(.eh_frame*)
 .eh_frame      0x1000b2b8        0x0 c:/maximsdk/tools/gnutools/bin/../lib/gcc/arm-none-eabi/9.2.1/thumb/v7e-m+fp/softfp/crtbegin.o
 .eh_frame      0x1000b2b8        0x4 c:/maximsdk/tools/gnutools/bin/../lib/gcc/arm-none-eabi/9.2.1/thumb/v7e-m+fp/softfp/crtend.o
                0x1000b2bc                _etext = .

.glue_7         0x1000b2bc        0x0
 .glue_7        0x1000b2bc        0x0 linker stubs

.glue_7t        0x1000b2bc        0x0
 .glue_7t       0x1000b2bc        0x0 linker stubs

.vfp11_veneer   0x1000b2bc        0x0
 .vfp11_veneer  0x1000b2bc        0x0 linker stubs

.v4_bx          0x1000b2bc        0x0
 .v4_bx         0x1000b2bc        0x0 linker stubs

.iplt           0x1000b2bc        0x0
 .iplt          0x1000b2bc        0x0 c:/maximsdk/tools/gnutools/bin/../lib/gcc/arm-none-eabi/9.2.1/thumb/v7e-m+fp/softfp/crtbegin.o

.bin_storage    0x1000b2bc        0x0
 FILL mask 0xff
                0x1000b2bc                _bin_start_ = .
 *(.bin_storage_img)
                0x1000b2bc                _bin_end_ = .
                0x1000b2bc                . = ALIGN (0x4)

.rom_code       0x00000000        0x0
                0x00000000                . = ALIGN (0x10)
                0x20000000                _sran_code = .
 *(.rom_code_section)
                0x20000000                _esran_code = .

.flash_code     0x1000b2bc        0x4
                0x1000b2c0                . = ALIGN (0x10)
 *fill*         0x1000b2bc        0x4 
                0x20000000                _sran_code = .
 *(.flash_code_section)
                0x20000000                _esran_code = .

.sram_code      0x20000000        0x0
                0x20000000                . = ALIGN (0x10)
                0x20000000                _sran_code = .
 *(.sram_code_section)
                0x20000000                _esran_code = .

.ARM.exidx      0x1000b2c0        0x8
                0x1000b2c0                __exidx_start = .
 *(.ARM.exidx*)
 .ARM.exidx     0x1000b2c0        0x8 c:/maximsdk/tools/gnutools/bin/../lib/gcc/arm-none-eabi/9.2.1/thumb/v7e-m+fp/softfp\libgcc.a(_udivmoddi4.o)
                0x1000b2c8                __exidx_end = .

.rel.dyn        0x1000b2c8        0x0
 .rel.iplt      0x1000b2c8        0x0 c:/maximsdk/tools/gnutools/bin/../lib/gcc/arm-none-eabi/9.2.1/thumb/v7e-m+fp/softfp/crtbegin.o

.data           0x20000000      0x9d4 load address 0x1000b2c8
                0x20000000                _data = ALIGN (., 0x4)
 *(.data*)
 .data.ConsoleUart
                0x20000000        0x4 c:/MaximSDK/Examples/MAX78000/CameraIF/build/board.o
                0x20000000                ConsoleUart
 .data.g_framesize_height
                0x20000004        0x4 c:/MaximSDK/Examples/MAX78000/CameraIF/build/camera.o
 .data.g_framesize_width
                0x20000008        0x4 c:/MaximSDK/Examples/MAX78000/CameraIF/build/camera.o
 .data.g_pixel_format
                0x2000000c        0x4 c:/MaximSDK/Examples/MAX78000/CameraIF/build/camera.o
 .data.g_stream_buffer_size
                0x20000010        0x4 c:/MaximSDK/Examples/MAX78000/CameraIF/build/camera.o
 .data.g_pixelformat
                0x20000014        0x1 c:/MaximSDK/Examples/MAX78000/CameraIF/build/ov7692.o
 *fill*         0x20000015        0x3 
 .data.overflows
                0x20000018        0x4 c:/MaximSDK/Libraries/PeriphDrivers/bin/MAX78000/softfp/libPeriphDriver_softfp.a(mxc_delay.o)
 .data._impure_ptr
                0x2000001c        0x4 c:/maximsdk/tools/gnutools/bin/../lib/gcc/arm-none-eabi/9.2.1/../../../../arm-none-eabi/lib/thumb/v7e-m+fp/softfp\libc.a(lib_a-impure.o)
                0x2000001c                _impure_ptr
 .data.impure_data
                0x20000020      0x428 c:/maximsdk/tools/gnutools/bin/../lib/gcc/arm-none-eabi/9.2.1/../../../../arm-none-eabi/lib/thumb/v7e-m+fp/softfp\libc.a(lib_a-impure.o)
 .data.__malloc_av_
                0x20000448      0x408 c:/maximsdk/tools/gnutools/bin/../lib/gcc/arm-none-eabi/9.2.1/../../../../arm-none-eabi/lib/thumb/v7e-m+fp/softfp\libc.a(lib_a-mallocr.o)
                0x20000448                __malloc_av_
 .data.__malloc_sbrk_base
                0x20000850        0x4 c:/maximsdk/tools/gnutools/bin/../lib/gcc/arm-none-eabi/9.2.1/../../../../arm-none-eabi/lib/thumb/v7e-m+fp/softfp\libc.a(lib_a-mallocr.o)
                0x20000850                __malloc_sbrk_base
 .data.__malloc_trim_threshold
                0x20000854        0x4 c:/maximsdk/tools/gnutools/bin/../lib/gcc/arm-none-eabi/9.2.1/../../../../arm-none-eabi/lib/thumb/v7e-m+fp/softfp\libc.a(lib_a-mallocr.o)
                0x20000854                __malloc_trim_threshold
 .data.__atexit_recursive_mutex
                0x20000858        0x4 c:/maximsdk/tools/gnutools/bin/../lib/gcc/arm-none-eabi/9.2.1/../../../../arm-none-eabi/lib/thumb/v7e-m+fp/softfp\libc.a(lib_a-__call_atexit.o)
                0x20000858                __atexit_recursive_mutex
 .data.__global_locale
                0x2000085c      0x16c c:/maximsdk/tools/gnutools/bin/../lib/gcc/arm-none-eabi/9.2.1/../../../../arm-none-eabi/lib/thumb/v7e-m+fp/softfp\libc.a(lib_a-locale.o)
                0x2000085c                __global_locale
                0x200009c8                . = ALIGN (0x4)
                0x200009c8                PROVIDE (__preinit_array_start = .)
 *(.preinit_array)
                0x200009c8                PROVIDE (__preinit_array_end = .)
                0x200009c8                . = ALIGN (0x4)
                0x200009c8                PROVIDE (__init_array_start = .)
 *(SORT_BY_NAME(.init_array.*))
 .init_array.00000
                0x200009c8        0x4 c:/maximsdk/tools/gnutools/bin/../lib/gcc/arm-none-eabi/9.2.1/../../../../arm-none-eabi/lib/thumb/v7e-m+fp/softfp\libc.a(lib_a-__call_atexit.o)
 *(.init_array)
 .init_array    0x200009cc        0x4 c:/maximsdk/tools/gnutools/bin/../lib/gcc/arm-none-eabi/9.2.1/thumb/v7e-m+fp/softfp/crtbegin.o
                0x200009d0                PROVIDE (__init_array_end = .)
                0x200009d0                . = ALIGN (0x4)
                0x200009d0                PROVIDE (__fini_array_start = .)
 *(SORT_BY_NAME(.fini_array.*))
 *(.fini_array)
 .fini_array    0x200009d0        0x4 c:/maximsdk/tools/gnutools/bin/../lib/gcc/arm-none-eabi/9.2.1/thumb/v7e-m+fp/softfp/crtbegin.o
                0x200009d4                PROVIDE (__fini_array_end = .)
                0x200009d4                _edata = ALIGN (., 0x4)
                0x1000b2c8                __load_data = LOADADDR (.data)

.igot.plt       0x200009d4        0x0 load address 0x1000bc9c
 .igot.plt      0x200009d4        0x0 c:/maximsdk/tools/gnutools/bin/../lib/gcc/arm-none-eabi/9.2.1/thumb/v7e-m+fp/softfp/crtbegin.o

.bss            0x20000a00      0x988 load address 0x1000bc9c
                0x20000a00                . = ALIGN (0x4)
                0x20000a00                _bss = .
 *(.bss*)
 .bss           0x20000a00       0x1c c:/maximsdk/tools/gnutools/bin/../lib/gcc/arm-none-eabi/9.2.1/thumb/v7e-m+fp/softfp/crtbegin.o
 .bss.camera    0x20000a1c       0x58 c:/MaximSDK/Examples/MAX78000/CameraIF/build/camera.o
 .bss.current_stream_buffer
                0x20000a74        0x4 c:/MaximSDK/Examples/MAX78000/CameraIF/build/camera.o
 .bss.g_dma_channel
                0x20000a78        0x4 c:/MaximSDK/Examples/MAX78000/CameraIF/build/camera.o
 .bss.g_dma_mode
                0x20000a7c        0x1 c:/MaximSDK/Examples/MAX78000/CameraIF/build/camera.o
 .bss.g_fifo_mode
                0x20000a7d        0x1 c:/MaximSDK/Examples/MAX78000/CameraIF/build/camera.o
 *fill*         0x20000a7e        0x2 
 .bss.g_is_img_rcv
                0x20000a80        0x4 c:/MaximSDK/Examples/MAX78000/CameraIF/build/camera.o
 .bss.g_total_img_size
                0x20000a84        0x4 c:/MaximSDK/Examples/MAX78000/CameraIF/build/camera.o
 .bss.rx_data   0x20000a88        0x4 c:/MaximSDK/Examples/MAX78000/CameraIF/build/camera.o
 .bss.rx_data_index
                0x20000a8c        0x4 c:/MaximSDK/Examples/MAX78000/CameraIF/build/camera.o
 .bss.statistic
                0x20000a90        0x8 c:/MaximSDK/Examples/MAX78000/CameraIF/build/camera.o
 .bss.stream_buffer_ptr
                0x20000a98        0x4 c:/MaximSDK/Examples/MAX78000/CameraIF/build/camera.o
 .bss.g_slv_addr
                0x20000a9c        0x4 c:/MaximSDK/Examples/MAX78000/CameraIF/build/ov7692.o
 .bss.heap_end  0x20000aa0        0x4 c:/MaximSDK/Examples/MAX78000/CameraIF/build/heap.o
 .bss.cbFunc    0x20000aa4        0x4 c:/MaximSDK/Libraries/PeriphDrivers/bin/MAX78000/softfp/libPeriphDriver_softfp.a(mxc_delay.o)
 .bss.ctrl_save
                0x20000aa8        0x4 c:/MaximSDK/Libraries/PeriphDrivers/bin/MAX78000/softfp/libPeriphDriver_softfp.a(mxc_delay.o)
 .bss.endtick   0x20000aac        0x4 c:/MaximSDK/Libraries/PeriphDrivers/bin/MAX78000/softfp/libPeriphDriver_softfp.a(mxc_delay.o)
 *fill*         0x20000ab0      0x150 
 .bss.ramVectorTable
                0x20000c00      0x1e0 c:/MaximSDK/Libraries/PeriphDrivers/bin/MAX78000/softfp/libPeriphDriver_softfp.a(nvic_table.o)
 .bss.dma_initialized
                0x20000de0        0x4 c:/MaximSDK/Libraries/PeriphDrivers/bin/MAX78000/softfp/libPeriphDriver_softfp.a(dma_reva.o)
 .bss.dma_lock  0x20000de4        0x4 c:/MaximSDK/Libraries/PeriphDrivers/bin/MAX78000/softfp/libPeriphDriver_softfp.a(dma_reva.o)
 .bss.dma_resource
                0x20000de8      0x140 c:/MaximSDK/Libraries/PeriphDrivers/bin/MAX78000/softfp/libPeriphDriver_softfp.a(dma_reva.o)
 .bss.callback  0x20000f28      0x200 c:/MaximSDK/Libraries/PeriphDrivers/bin/MAX78000/softfp/libPeriphDriver_softfp.a(gpio_common.o)
 .bss.cbparam   0x20001128      0x200 c:/MaximSDK/Libraries/PeriphDrivers/bin/MAX78000/softfp/libPeriphDriver_softfp.a(gpio_common.o)
 .bss.initialized
                0x20001328        0x1 c:/MaximSDK/Libraries/PeriphDrivers/bin/MAX78000/softfp/libPeriphDriver_softfp.a(gpio_common.o)
 *fill*         0x20001329        0x3 
 .bss.__malloc_current_mallinfo
                0x2000132c       0x28 c:/maximsdk/tools/gnutools/bin/../lib/gcc/arm-none-eabi/9.2.1/../../../../arm-none-eabi/lib/thumb/v7e-m+fp/softfp\libc.a(lib_a-mallocr.o)
                0x2000132c                __malloc_current_mallinfo
 .bss.__malloc_max_sbrked_mem
                0x20001354        0x4 c:/maximsdk/tools/gnutools/bin/../lib/gcc/arm-none-eabi/9.2.1/../../../../arm-none-eabi/lib/thumb/v7e-m+fp/softfp\libc.a(lib_a-mallocr.o)
                0x20001354                __malloc_max_sbrked_mem
 .bss.__malloc_max_total_mem
                0x20001358        0x4 c:/maximsdk/tools/gnutools/bin/../lib/gcc/arm-none-eabi/9.2.1/../../../../arm-none-eabi/lib/thumb/v7e-m+fp/softfp\libc.a(lib_a-mallocr.o)
                0x20001358                __malloc_max_total_mem
 .bss.__malloc_top_pad
                0x2000135c        0x4 c:/maximsdk/tools/gnutools/bin/../lib/gcc/arm-none-eabi/9.2.1/../../../../arm-none-eabi/lib/thumb/v7e-m+fp/softfp\libc.a(lib_a-mallocr.o)
                0x2000135c                __malloc_top_pad
 *(COMMON)
 COMMON         0x20001360       0x21 c:/maximsdk/tools/gnutools/bin/../lib/gcc/arm-none-eabi/9.2.1/../../../../arm-none-eabi/lib/thumb/v7e-m+fp/softfp\libc.a(lib_a-lock.o)
                0x20001360                __lock___atexit_recursive_mutex
                0x20001364                __lock___arc4random_mutex
                0x20001368                __lock___env_recursive_mutex
                0x2000136c                __lock___sinit_recursive_mutex
                0x20001370                __lock___malloc_recursive_mutex
                0x20001374                __lock___at_quick_exit_mutex
                0x20001378                __lock___dd_hash_mutex
                0x2000137c                __lock___tz_mutex
                0x20001380                __lock___sfp_recursive_mutex
 *fill*         0x20001381        0x3 
 COMMON         0x20001384        0x4 c:/maximsdk/tools/gnutools/bin/../lib/gcc/arm-none-eabi/9.2.1/../../../../arm-none-eabi/lib/thumb/v7e-m+fp/softfp\libc.a(lib_a-reent.o)
                0x20001384                errno
                0x20001388                _ebss = ALIGN (., 0x4)

.shared         0x20001388        0x4 load address 0x1000bc9c
                0x20001388                . = ALIGN (0x4)
                0x20001388                _shared = .
 *(.mailbox*)
                0x20001388                . = ALIGN (0x4)
 *(.shared*)
 .shared        0x20001388        0x4 c:/MaximSDK/Examples/MAX78000/CameraIF/build/system_max78000.o
                0x20001388                SystemCoreClock
                0x2000138c                _eshared = ALIGN (., 0x4)
                0x1000bc9c                __shared_data = LOADADDR (.shared)
                0x20020000                __StackTop = (ORIGIN (SRAM) + LENGTH (SRAM))
                0x2001f000                __StackLimit = (__StackTop - SIZEOF (.stack_dummy))

.stack_dummy    0x20001390     0x1000 load address 0x1000bca0
 *(.stack*)
 .stack         0x20001390     0x1000 c:/MaximSDK/Examples/MAX78000/CameraIF/build/startup_max78000.o

.heap           0x20001390      0xc00 load address 0x1000bca0
                0x20001390                . = ALIGN (0x4)
 *(.heap*)
 .heap          0x20001390      0xc00 c:/MaximSDK/Examples/MAX78000/CameraIF/build/startup_max78000.o
                0x20001390                __HeapBase
                0x2001f000                __HeapLimit = ABSOLUTE (__StackLimit)
                0x20020000                PROVIDE (__stack = __StackTop)
                0x00000001                ASSERT ((__StackLimit >= _ebss), region RAM overflowed with stack)
OUTPUT(c:/MaximSDK/Examples/MAX78000/CameraIF/build/CameraIF.elf elf32-littlearm)

.ARM.attributes
                0x00000000       0x2e
 .ARM.attributes
                0x00000000       0x1e c:/maximsdk/tools/gnutools/bin/../lib/gcc/arm-none-eabi/9.2.1/thumb/v7e-m+fp/softfp/crti.o
 .ARM.attributes
                0x0000001e       0x32 c:/maximsdk/tools/gnutools/bin/../lib/gcc/arm-none-eabi/9.2.1/thumb/v7e-m+fp/softfp/crtbegin.o
 .ARM.attributes
                0x00000050       0x32 c:/MaximSDK/Examples/MAX78000/CameraIF/build/main.o
 .ARM.attributes
                0x00000082       0x32 c:/MaximSDK/Examples/MAX78000/CameraIF/build/utils.o
 .ARM.attributes
                0x000000b4       0x32 c:/MaximSDK/Examples/MAX78000/CameraIF/build/board.o
 .ARM.attributes
                0x000000e6       0x32 c:/MaximSDK/Examples/MAX78000/CameraIF/build/stdio.o
 .ARM.attributes
                0x00000118       0x32 c:/MaximSDK/Examples/MAX78000/CameraIF/build/led.o
 .ARM.attributes
                0x0000014a       0x32 c:/MaximSDK/Examples/MAX78000/CameraIF/build/pb.o
 .ARM.attributes
                0x0000017c       0x32 c:/MaximSDK/Examples/MAX78000/CameraIF/build/camera.o
 .ARM.attributes
                0x000001ae       0x32 c:/MaximSDK/Examples/MAX78000/CameraIF/build/ov7692.o
 .ARM.attributes
                0x000001e0       0x32 c:/MaximSDK/Examples/MAX78000/CameraIF/build/sccb.o
 .ARM.attributes
                0x00000212       0x1b c:/MaximSDK/Examples/MAX78000/CameraIF/build/startup_max78000.o
 .ARM.attributes
                0x0000022d       0x32 c:/MaximSDK/Examples/MAX78000/CameraIF/build/heap.o
 .ARM.attributes
                0x0000025f       0x32 c:/MaximSDK/Examples/MAX78000/CameraIF/build/system_max78000.o
 .ARM.attributes
                0x00000291       0x32 c:/MaximSDK/Libraries/PeriphDrivers/bin/MAX78000/softfp/libPeriphDriver_softfp.a(mxc_delay.o)
 .ARM.attributes
                0x000002c3       0x37 c:/MaximSDK/Libraries/PeriphDrivers/bin/MAX78000/softfp/libPeriphDriver_softfp.a(pins_ai85.o)
 .ARM.attributes
                0x000002fa       0x32 c:/MaximSDK/Libraries/PeriphDrivers/bin/MAX78000/softfp/libPeriphDriver_softfp.a(sys_ai85.o)
 .ARM.attributes
                0x0000032c       0x32 c:/MaximSDK/Libraries/PeriphDrivers/bin/MAX78000/softfp/libPeriphDriver_softfp.a(nvic_table.o)
 .ARM.attributes
                0x0000035e       0x32 c:/MaximSDK/Libraries/PeriphDrivers/bin/MAX78000/softfp/libPeriphDriver_softfp.a(cameraif_ai85.o)
 .ARM.attributes
                0x00000390       0x32 c:/MaximSDK/Libraries/PeriphDrivers/bin/MAX78000/softfp/libPeriphDriver_softfp.a(cameraif_reva.o)
 .ARM.attributes
                0x000003c2       0x32 c:/MaximSDK/Libraries/PeriphDrivers/bin/MAX78000/softfp/libPeriphDriver_softfp.a(dma_me17.o)
 .ARM.attributes
                0x000003f4       0x32 c:/MaximSDK/Libraries/PeriphDrivers/bin/MAX78000/softfp/libPeriphDriver_softfp.a(dma_reva.o)
 .ARM.attributes
                0x00000426       0x32 c:/MaximSDK/Libraries/PeriphDrivers/bin/MAX78000/softfp/libPeriphDriver_softfp.a(gpio_ai85.o)
 .ARM.attributes
                0x00000458       0x32 c:/MaximSDK/Libraries/PeriphDrivers/bin/MAX78000/softfp/libPeriphDriver_softfp.a(gpio_reva.o)
 .ARM.attributes
                0x0000048a       0x32 c:/MaximSDK/Libraries/PeriphDrivers/bin/MAX78000/softfp/libPeriphDriver_softfp.a(icc_me17.o)
 .ARM.attributes
                0x000004bc       0x32 c:/MaximSDK/Libraries/PeriphDrivers/bin/MAX78000/softfp/libPeriphDriver_softfp.a(icc_reva.o)
 .ARM.attributes
                0x000004ee       0x32 c:/MaximSDK/Libraries/PeriphDrivers/bin/MAX78000/softfp/libPeriphDriver_softfp.a(pt_me17.o)
 .ARM.attributes
                0x00000520       0x32 c:/MaximSDK/Libraries/PeriphDrivers/bin/MAX78000/softfp/libPeriphDriver_softfp.a(pt_reva.o)
 .ARM.attributes
                0x00000552       0x32 c:/MaximSDK/Libraries/PeriphDrivers/bin/MAX78000/softfp/libPeriphDriver_softfp.a(uart_ai85.o)
 .ARM.attributes
                0x00000584       0x32 c:/MaximSDK/Libraries/PeriphDrivers/bin/MAX78000/softfp/libPeriphDriver_softfp.a(uart_common.o)
 .ARM.attributes
                0x000005b6       0x32 c:/MaximSDK/Libraries/PeriphDrivers/bin/MAX78000/softfp/libPeriphDriver_softfp.a(uart_revb.o)
 .ARM.attributes
                0x000005e8       0x32 c:/MaximSDK/Libraries/PeriphDrivers/bin/MAX78000/softfp/libPeriphDriver_softfp.a(mxc_lock.o)
 .ARM.attributes
                0x0000061a       0x32 c:/MaximSDK/Libraries/PeriphDrivers/bin/MAX78000/softfp/libPeriphDriver_softfp.a(gpio_common.o)
 .ARM.attributes
                0x0000064c       0x32 c:/maximsdk/tools/gnutools/bin/../lib/gcc/arm-none-eabi/9.2.1/../../../../arm-none-eabi/lib/thumb/v7e-m+fp/softfp\libc.a(lib_a-errno.o)
 .ARM.attributes
                0x0000067e       0x30 c:/maximsdk/tools/gnutools/bin/../lib/gcc/arm-none-eabi/9.2.1/../../../../arm-none-eabi/lib/thumb/v7e-m+fp/softfp\libc.a(lib_a-impure.o)
 .ARM.attributes
                0x000006ae       0x32 c:/maximsdk/tools/gnutools/bin/../lib/gcc/arm-none-eabi/9.2.1/../../../../arm-none-eabi/lib/thumb/v7e-m+fp/softfp\libc.a(lib_a-init.o)
 .ARM.attributes
                0x000006e0       0x32 c:/maximsdk/tools/gnutools/bin/../lib/gcc/arm-none-eabi/9.2.1/../../../../arm-none-eabi/lib/thumb/v7e-m+fp/softfp\libc.a(lib_a-malloc.o)
 .ARM.attributes
                0x00000712       0x32 c:/maximsdk/tools/gnutools/bin/../lib/gcc/arm-none-eabi/9.2.1/../../../../arm-none-eabi/lib/thumb/v7e-m+fp/softfp\libc.a(lib_a-mallocr.o)
 .ARM.attributes